[2025-01-22T15:48:59.393+0000][65][info][gc,init] CardTable entry size: 512
[2025-01-22T15:48:59.397+0000][65][info][gc     ] Using G1
[2025-01-22T15:48:59.440+0000][65][info][gc,init] Version: 20.0.1+9-29 (release)
[2025-01-22T15:48:59.440+0000][65][info][gc,init] CPUs: 12 total, 12 available
[2025-01-22T15:48:59.441+0000][65][info][gc,init] Memory: 7869M
[2025-01-22T15:48:59.441+0000][65][info][gc,init] Large Page Support: Disabled
[2025-01-22T15:48:59.441+0000][65][info][gc,init] NUMA Support: Disabled
[2025-01-22T15:48:59.441+0000][65][info][gc,init] Compressed Oops: Enabled (32-bit)
[2025-01-22T15:48:59.441+0000][65][info][gc,init] Heap Region Size: 4M
[2025-01-22T15:48:59.442+0000][65][info][gc,init] Heap Min Capacity: 512M
[2025-01-22T15:48:59.442+0000][65][info][gc,init] Heap Initial Capacity: 512M
[2025-01-22T15:48:59.442+0000][65][info][gc,init] Heap Max Capacity: 512M
[2025-01-22T15:48:59.442+0000][65][info][gc,init] Pre-touch: Enabled
[2025-01-22T15:48:59.442+0000][65][info][gc,init] Parallel Workers: 10
[2025-01-22T15:48:59.442+0000][65][info][gc,init] Concurrent Workers: 3
[2025-01-22T15:48:59.442+0000][65][info][gc,init] Concurrent Refinement Workers: 10
[2025-01-22T15:48:59.443+0000][65][info][gc,init] Periodic GC: Disabled
[2025-01-22T15:48:59.443+0000][65][info][gc,metaspace] CDS archive(s) mapped at: [0x0000000800000000-0x0000000800c73000-0x0000000800c73000), size 13053952, SharedBaseAddress: 0x0000000800000000, ArchiveRelocationMode: 0.
[2025-01-22T15:48:59.443+0000][65][info][gc,metaspace] Compressed class space mapped at: 0x0000000801000000-0x0000000841000000, reserved size: 1073741824
[2025-01-22T15:48:59.443+0000][65][info][gc,metaspace] Narrow klass base: 0x0000000800000000, Narrow klass shift: 0, Narrow klass range: 0x100000000
[2025-01-22T15:48:59.745+0000][65][info][safepoint   ] Safepoint "ICBufferFull", Time since last: 295905097 ns, Reaching safepoint: 84904 ns, Cleanup: 114405 ns, At safepoint: 19501 ns, Total: 218810 ns
[2025-01-22T15:48:59.751+0000][65][info][gc,start    ] GC(0) Pause Young (Normal) (G1 Evacuation Pause)
[2025-01-22T15:48:59.751+0000][65][info][gc,task     ] GC(0) Using 10 workers of 10 for evacuation
[2025-01-22T15:48:59.752+0000][65][debug][gc,age      ] GC(0) Desired survivor size 2097152 bytes, new threshold 15 (max threshold 15)
[2025-01-22T15:48:59.754+0000][65][info ][gc,phases   ] GC(0)   Pre Evacuate Collection Set: 0.2ms
[2025-01-22T15:48:59.754+0000][65][info ][gc,phases   ] GC(0)   Merge Heap Roots: 0.2ms
[2025-01-22T15:48:59.754+0000][65][info ][gc,phases   ] GC(0)   Evacuate Collection Set: 0.9ms
[2025-01-22T15:48:59.754+0000][65][info ][gc,phases   ] GC(0)   Post Evacuate Collection Set: 1.0ms
[2025-01-22T15:48:59.755+0000][65][info ][gc,phases   ] GC(0)   Other: 0.3ms
[2025-01-22T15:48:59.755+0000][65][trace][gc,age      ] GC(0) Age table with threshold 15 (max threshold 15)
[2025-01-22T15:48:59.755+0000][65][trace][gc,age      ] GC(0) - age   1:    3067960 bytes,    3067960 total
[2025-01-22T15:48:59.755+0000][65][info ][gc,heap     ] GC(0) Eden regions: 6->0(18)
[2025-01-22T15:48:59.755+0000][65][info ][gc,heap     ] GC(0) Survivor regions: 0->1(1)
[2025-01-22T15:48:59.755+0000][65][info ][gc,heap     ] GC(0) Old regions: 0->0
[2025-01-22T15:48:59.755+0000][65][info ][gc,heap     ] GC(0) Archive regions: 2->2
[2025-01-22T15:48:59.755+0000][65][info ][gc,heap     ] GC(0) Humongous regions: 0->0
[2025-01-22T15:48:59.755+0000][65][info ][gc,metaspace] GC(0) Metaspace: 1312K(1472K)->1312K(1472K) NonClass: 1210K(1280K)->1210K(1280K) Class: 101K(192K)->101K(192K)
[2025-01-22T15:48:59.756+0000][65][info ][gc          ] GC(0) Pause Young (Normal) (G1 Evacuation Pause) 27M->7M(512M) 4.389ms
[2025-01-22T15:48:59.756+0000][65][info ][gc,cpu      ] GC(0) User=0.01s Sys=0.01s Real=0.00s
[2025-01-22T15:48:59.756+0000][65][info ][safepoint   ] Safepoint "G1CollectForAllocation", Time since last: 6303683 ns, Reaching safepoint: 2501 ns, Cleanup: 62202 ns, At safepoint: 4627608 ns, Total: 4692311 ns
[2025-01-22T15:49:00.145+0000][65][info ][safepoint   ] Safepoint "ICBufferFull", Time since last: 388999982 ns, Reaching safepoint: 3000 ns, Cleanup: 233910 ns, At safepoint: 43702 ns, Total: 280612 ns
[2025-01-22T15:49:00.380+0000][65][info ][safepoint   ] Safepoint "ICBufferFull", Time since last: 235006061 ns, Reaching safepoint: 5000 ns, Cleanup: 204110 ns, At safepoint: 21001 ns, Total: 230111 ns
[2025-01-22T15:49:00.651+0000][65][info ][safepoint   ] Safepoint "ICBufferFull", Time since last: 270343549 ns, Reaching safepoint: 3600 ns, Cleanup: 198909 ns, At safepoint: 48602 ns, Total: 251111 ns
[2025-01-22T15:49:00.997+0000][65][info ][gc,start    ] GC(1) Pause Young (Normal) (G1 Evacuation Pause)
[2025-01-22T15:49:00.997+0000][65][info ][gc,task     ] GC(1) Using 10 workers of 10 for evacuation
[2025-01-22T15:49:00.998+0000][65][debug][gc,age      ] GC(1) Desired survivor size 6291456 bytes, new threshold 15 (max threshold 15)
[2025-01-22T15:49:01.004+0000][65][info ][gc,phases   ] GC(1)   Pre Evacuate Collection Set: 0.2ms
[2025-01-22T15:49:01.004+0000][65][info ][gc,phases   ] GC(1)   Merge Heap Roots: 0.2ms
[2025-01-22T15:49:01.004+0000][65][info ][gc,phases   ] GC(1)   Evacuate Collection Set: 3.4ms
[2025-01-22T15:49:01.004+0000][65][info ][gc,phases   ] GC(1)   Post Evacuate Collection Set: 1.7ms
[2025-01-22T15:49:01.005+0000][65][info ][gc,phases   ] GC(1)   Other: 0.5ms
[2025-01-22T15:49:01.005+0000][65][trace][gc,age      ] GC(1) Age table with threshold 15 (max threshold 15)
[2025-01-22T15:49:01.005+0000][65][trace][gc,age      ] GC(1) - age   1:    5347576 bytes,    5347576 total
[2025-01-22T15:49:01.005+0000][65][trace][gc,age      ] GC(1) - age   2:    3040512 bytes,    8388088 total
[2025-01-22T15:49:01.006+0000][65][info ][gc,heap     ] GC(1) Eden regions: 18->0(37)
[2025-01-22T15:49:01.006+0000][65][info ][gc,heap     ] GC(1) Survivor regions: 1->3(3)
[2025-01-22T15:49:01.006+0000][65][info ][gc,heap     ] GC(1) Old regions: 0->0
[2025-01-22T15:49:01.006+0000][65][info ][gc,heap     ] GC(1) Archive regions: 2->2
[2025-01-22T15:49:01.006+0000][65][info ][gc,heap     ] GC(1) Humongous regions: 0->0
[2025-01-22T15:49:01.007+0000][65][info ][gc,metaspace] GC(1) Metaspace: 15431K(15936K)->15431K(15936K) NonClass: 13644K(13888K)->13644K(13888K) Class: 1787K(2048K)->1787K(2048K)
[2025-01-22T15:49:01.007+0000][65][info ][gc          ] GC(1) Pause Young (Normal) (G1 Evacuation Pause) 79M->12M(512M) 9.926ms
[2025-01-22T15:49:01.007+0000][65][info ][gc,cpu      ] GC(1) User=0.03s Sys=0.00s Real=0.01s
[2025-01-22T15:49:01.007+0000][65][info ][safepoint   ] Safepoint "G1CollectForAllocation", Time since last: 345982148 ns, Reaching safepoint: 20601 ns, Cleanup: 235010 ns, At safepoint: 10320864 ns, Total: 10576475 ns
[2025-01-22T15:49:01.500+0000][65][info ][safepoint   ] Safepoint "ICBufferFull", Time since last: 492141517 ns, Reaching safepoint: 5800 ns, Cleanup: 212409 ns, At safepoint: 41302 ns, Total: 259511 ns
[2025-01-22T15:49:01.760+0000][65][info ][gc,start    ] GC(2) Pause Young (Normal) (G1 Evacuation Pause)
[2025-01-22T15:49:01.760+0000][65][info ][gc,task     ] GC(2) Using 10 workers of 10 for evacuation
[2025-01-22T15:49:01.760+0000][65][debug][gc,age      ] GC(2) Desired survivor size 10485760 bytes, new threshold 15 (max threshold 15)
[2025-01-22T15:49:01.767+0000][65][info ][gc,phases   ] GC(2)   Pre Evacuate Collection Set: 0.2ms
[2025-01-22T15:49:01.767+0000][65][info ][gc,phases   ] GC(2)   Merge Heap Roots: 0.3ms
[2025-01-22T15:49:01.768+0000][65][info ][gc,phases   ] GC(2)   Evacuate Collection Set: 4.1ms
[2025-01-22T15:49:01.768+0000][65][info ][gc,phases   ] GC(2)   Post Evacuate Collection Set: 1.7ms
[2025-01-22T15:49:01.768+0000][65][info ][gc,phases   ] GC(2)   Other: 0.5ms
[2025-01-22T15:49:01.768+0000][65][trace][gc,age      ] GC(2) Age table with threshold 15 (max threshold 15)
[2025-01-22T15:49:01.769+0000][65][trace][gc,age      ] GC(2) - age   1:    4041792 bytes,    4041792 total
[2025-01-22T15:49:01.769+0000][65][trace][gc,age      ] GC(2) - age   2:    4400656 bytes,    8442448 total
[2025-01-22T15:49:01.769+0000][65][trace][gc,age      ] GC(2) - age   3:    3039920 bytes,   11482368 total
[2025-01-22T15:49:01.769+0000][65][info ][gc,heap     ] GC(2) Eden regions: 37->0(73)
[2025-01-22T15:49:01.769+0000][65][info ][gc,heap     ] GC(2) Survivor regions: 3->3(5)
[2025-01-22T15:49:01.770+0000][65][info ][gc,heap     ] GC(2) Old regions: 0->0
[2025-01-22T15:49:01.770+0000][65][info ][gc,heap     ] GC(2) Archive regions: 2->2
[2025-01-22T15:49:01.770+0000][65][info ][gc,heap     ] GC(2) Humongous regions: 0->0
[2025-01-22T15:49:01.770+0000][65][info ][gc,metaspace] GC(2) Metaspace: 17817K(18304K)->17817K(18304K) NonClass: 15782K(16064K)->15782K(16064K) Class: 2035K(2240K)->2035K(2240K)
[2025-01-22T15:49:01.770+0000][65][info ][gc          ] GC(2) Pause Young (Normal) (G1 Evacuation Pause) 160M->15M(512M) 10.395ms
[2025-01-22T15:49:01.770+0000][65][info ][gc,cpu      ] GC(2) User=0.05s Sys=0.02s Real=0.01s
[2025-01-22T15:49:01.771+0000][65][info ][safepoint   ] Safepoint "G1CollectForAllocation", Time since last: 259734673 ns, Reaching safepoint: 4400 ns, Cleanup: 205209 ns, At safepoint: 10790385 ns, Total: 10999994 ns
[2025-01-22T15:49:01.932+0000][65][info ][gc,start    ] GC(3) Pause Young (Concurrent Start) (Metadata GC Threshold)
[2025-01-22T15:49:01.933+0000][65][info ][gc,task     ] GC(3) Using 10 workers of 10 for evacuation
[2025-01-22T15:49:01.933+0000][65][debug][gc,age      ] GC(3) Desired survivor size 20971520 bytes, new threshold 15 (max threshold 15)
[2025-01-22T15:49:01.939+0000][65][info ][gc,phases   ] GC(3)   Pre Evacuate Collection Set: 0.2ms
[2025-01-22T15:49:01.939+0000][65][info ][gc,phases   ] GC(3)   Merge Heap Roots: 0.2ms
[2025-01-22T15:49:01.940+0000][65][info ][gc,phases   ] GC(3)   Evacuate Collection Set: 3.9ms
[2025-01-22T15:49:01.940+0000][65][info ][gc,phases   ] GC(3)   Post Evacuate Collection Set: 1.5ms
[2025-01-22T15:49:01.940+0000][65][info ][gc,phases   ] GC(3)   Other: 0.6ms
[2025-01-22T15:49:01.940+0000][65][trace][gc,age      ] GC(3) Age table with threshold 15 (max threshold 15)
[2025-01-22T15:49:01.940+0000][65][trace][gc,age      ] GC(3) - age   1:    1067136 bytes,    1067136 total
[2025-01-22T15:49:01.941+0000][65][trace][gc,age      ] GC(3) - age   2:    2485192 bytes,    3552328 total
[2025-01-22T15:49:01.941+0000][65][trace][gc,age      ] GC(3) - age   3:    4397184 bytes,    7949512 total
[2025-01-22T15:49:01.941+0000][65][trace][gc,age      ] GC(3) - age   4:    3039920 bytes,   10989432 total
[2025-01-22T15:49:01.941+0000][65][info ][gc,heap     ] GC(3) Eden regions: 9->0(73)
[2025-01-22T15:49:01.941+0000][65][info ][gc,heap     ] GC(3) Survivor regions: 3->3(10)
[2025-01-22T15:49:01.941+0000][65][info ][gc,heap     ] GC(3) Old regions: 0->0
[2025-01-22T15:49:01.941+0000][65][info ][gc,heap     ] GC(3) Archive regions: 2->2
[2025-01-22T15:49:01.942+0000][65][info ][gc,heap     ] GC(3) Humongous regions: 0->0
[2025-01-22T15:49:01.942+0000][65][info ][gc,metaspace] GC(3) Metaspace: 21019K(21504K)->21019K(21504K) NonClass: 18666K(18944K)->18666K(18944K) Class: 2353K(2560K)->2353K(2560K)
[2025-01-22T15:49:01.942+0000][65][info ][gc          ] GC(3) Pause Young (Concurrent Start) (Metadata GC Threshold) 49M->15M(512M) 9.470ms
[2025-01-22T15:49:01.942+0000][65][info ][gc,cpu      ] GC(3) User=0.03s Sys=0.00s Real=0.01s
[2025-01-22T15:49:01.942+0000][65][info ][gc          ] GC(4) Concurrent Mark Cycle
[2025-01-22T15:49:01.942+0000][65][info ][gc,marking  ] GC(4) Concurrent Scan Root Regions
[2025-01-22T15:49:01.942+0000][65][info ][safepoint   ] Safepoint "CollectForMetadataAllocation", Time since last: 161552460 ns, Reaching safepoint: 4400 ns, Cleanup: 173308 ns, At safepoint: 9873644 ns, Total: 10051352 ns
[2025-01-22T15:49:01.945+0000][65][info ][gc,marking  ] GC(4) Concurrent Scan Root Regions 2.266ms
[2025-01-22T15:49:01.945+0000][65][info ][gc,marking  ] GC(4) Concurrent Mark
[2025-01-22T15:49:01.945+0000][65][info ][gc,marking  ] GC(4) Concurrent Mark From Roots
[2025-01-22T15:49:01.945+0000][65][info ][gc,task     ] GC(4) Using 3 workers of 3 for marking
[2025-01-22T15:49:01.946+0000][65][info ][gc,marking  ] GC(4) Concurrent Mark From Roots 1.256ms
[2025-01-22T15:49:01.946+0000][65][info ][gc,marking  ] GC(4) Concurrent Preclean
[2025-01-22T15:49:01.947+0000][65][info ][gc,marking  ] GC(4) Concurrent Preclean 0.168ms
[2025-01-22T15:49:01.947+0000][65][info ][gc,start    ] GC(4) Pause Remark
[2025-01-22T15:49:01.950+0000][65][info ][gc          ] GC(4) Pause Remark 18M->18M(512M) 2.571ms
[2025-01-22T15:49:01.950+0000][65][info ][gc,cpu      ] GC(4) User=0.02s Sys=0.00s Real=0.00s
[2025-01-22T15:49:01.950+0000][65][info ][safepoint   ] Safepoint "G1PauseRemark", Time since last: 4683710 ns, Reaching safepoint: 91504 ns, Cleanup: 187109 ns, At safepoint: 3319849 ns, Total: 3598462 ns
[2025-01-22T15:49:01.951+0000][65][info ][gc,marking  ] GC(4) Concurrent Mark 6.009ms
[2025-01-22T15:49:01.951+0000][65][info ][gc,marking  ] GC(4) Concurrent Rebuild Remembered Sets and Scrub Regions
[2025-01-22T15:49:01.951+0000][65][info ][gc,marking  ] GC(4) Concurrent Rebuild Remembered Sets and Scrub Regions 0.470ms
[2025-01-22T15:49:01.952+0000][65][info ][gc,start    ] GC(4) Pause Cleanup
[2025-01-22T15:49:01.953+0000][65][info ][gc          ] GC(4) Pause Cleanup 18M->18M(512M) 0.385ms
[2025-01-22T15:49:01.953+0000][65][info ][gc,cpu      ] GC(4) User=0.00s Sys=0.00s Real=0.00s
[2025-01-22T15:49:01.953+0000][65][info ][safepoint   ] Safepoint "G1PauseCleanup", Time since last: 1430464 ns, Reaching safepoint: 87904 ns, Cleanup: 191009 ns, At safepoint: 1104449 ns, Total: 1383362 ns
[2025-01-22T15:49:01.954+0000][65][info ][gc,marking  ] GC(4) Concurrent Clear Claimed Marks
[2025-01-22T15:49:01.954+0000][65][info ][gc,marking  ] GC(4) Concurrent Clear Claimed Marks 0.305ms
[2025-01-22T15:49:01.954+0000][65][info ][gc,marking  ] GC(4) Concurrent Cleanup for Next Mark
[2025-01-22T15:49:01.955+0000][65][info ][gc,marking  ] GC(4) Concurrent Cleanup for Next Mark 0.688ms
[2025-01-22T15:49:01.955+0000][65][info ][gc          ] GC(4) Concurrent Mark Cycle 13.398ms
[2025-01-22T15:49:02.324+0000][65][info ][safepoint   ] Safepoint "ICBufferFull", Time since last: 372006617 ns, Reaching safepoint: 3901 ns, Cleanup: 227610 ns, At safepoint: 23401 ns, Total: 254912 ns
[2025-01-22T15:49:02.696+0000][65][info ][gc,start    ] GC(5) Pause Young (Normal) (G1 Evacuation Pause)
[2025-01-22T15:49:02.696+0000][65][info ][gc,task     ] GC(5) Using 10 workers of 10 for evacuation
[2025-01-22T15:49:02.696+0000][65][debug][gc,age      ] GC(5) Desired survivor size 20971520 bytes, new threshold 15 (max threshold 15)
[2025-01-22T15:49:02.704+0000][65][info ][gc,phases   ] GC(5)   Pre Evacuate Collection Set: 0.2ms
[2025-01-22T15:49:02.705+0000][65][info ][gc,phases   ] GC(5)   Merge Heap Roots: 0.2ms
[2025-01-22T15:49:02.705+0000][65][info ][gc,phases   ] GC(5)   Evacuate Collection Set: 5.3ms
[2025-01-22T15:49:02.705+0000][65][info ][gc,phases   ] GC(5)   Post Evacuate Collection Set: 1.8ms
[2025-01-22T15:49:02.705+0000][65][info ][gc,phases   ] GC(5)   Other: 0.6ms
[2025-01-22T15:49:02.706+0000][65][trace][gc,age      ] GC(5) Age table with threshold 15 (max threshold 15)
[2025-01-22T15:49:02.706+0000][65][trace][gc,age      ] GC(5) - age   1:    7738896 bytes,    7738896 total
[2025-01-22T15:49:02.706+0000][65][trace][gc,age      ] GC(5) - age   2:    1046488 bytes,    8785384 total
[2025-01-22T15:49:02.706+0000][65][trace][gc,age      ] GC(5) - age   3:    2482136 bytes,   11267520 total
[2025-01-22T15:49:02.707+0000][65][trace][gc,age      ] GC(5) - age   4:    4393088 bytes,   15660608 total
[2025-01-22T15:49:02.707+0000][65][trace][gc,age      ] GC(5) - age   5:    3039584 bytes,   18700192 total
[2025-01-22T15:49:02.707+0000][65][info ][gc,heap     ] GC(5) Eden regions: 73->0(71)
[2025-01-22T15:49:02.707+0000][65][info ][gc,heap     ] GC(5) Survivor regions: 3->5(10)
[2025-01-22T15:49:02.707+0000][65][info ][gc,heap     ] GC(5) Old regions: 0->0
[2025-01-22T15:49:02.707+0000][65][info ][gc,heap     ] GC(5) Archive regions: 2->2
[2025-01-22T15:49:02.708+0000][65][info ][gc,heap     ] GC(5) Humongous regions: 0->0
[2025-01-22T15:49:02.708+0000][65][info ][gc,metaspace] GC(5) Metaspace: 25639K(26304K)->25639K(26304K) NonClass: 22652K(23040K)->22652K(23040K) Class: 2986K(3264K)->2986K(3264K)
[2025-01-22T15:49:02.708+0000][65][info ][gc          ] GC(5) Pause Young (Normal) (G1 Evacuation Pause) 307M->23M(512M) 12.239ms
[2025-01-22T15:49:02.708+0000][65][info ][gc,cpu      ] GC(5) User=0.05s Sys=0.01s Real=0.01s
[2025-01-22T15:49:02.708+0000][65][info ][safepoint   ] Safepoint "G1CollectForAllocation", Time since last: 371426492 ns, Reaching safepoint: 3400 ns, Cleanup: 177008 ns, At safepoint: 12640668 ns, Total: 12821076 ns
[2025-01-22T15:49:03.159+0000][65][info ][safepoint   ] Safepoint "ICBufferFull", Time since last: 450401940 ns, Reaching safepoint: 18501 ns, Cleanup: 209710 ns, At safepoint: 24801 ns, Total: 253012 ns
[2025-01-22T15:49:03.329+0000][65][info ][gc,start    ] GC(6) Pause Young (Normal) (G1 Evacuation Pause)
[2025-01-22T15:49:03.329+0000][65][info ][gc,task     ] GC(6) Using 10 workers of 10 for evacuation
[2025-01-22T15:49:03.329+0000][65][debug][gc,age      ] GC(6) Desired survivor size 20971520 bytes, new threshold 15 (max threshold 15)
[2025-01-22T15:49:03.338+0000][65][info ][gc,phases   ] GC(6)   Pre Evacuate Collection Set: 0.2ms
[2025-01-22T15:49:03.338+0000][65][info ][gc,phases   ] GC(6)   Merge Heap Roots: 0.1ms
[2025-01-22T15:49:03.338+0000][65][info ][gc,phases   ] GC(6)   Evacuate Collection Set: 5.8ms
[2025-01-22T15:49:03.339+0000][65][info ][gc,phases   ] GC(6)   Post Evacuate Collection Set: 1.7ms
[2025-01-22T15:49:03.339+0000][65][info ][gc,phases   ] GC(6)   Other: 0.5ms
[2025-01-22T15:49:03.339+0000][65][trace][gc,age      ] GC(6) Age table with threshold 15 (max threshold 15)
[2025-01-22T15:49:03.339+0000][65][trace][gc,age      ] GC(6) - age   1:    4716120 bytes,    4716120 total
[2025-01-22T15:49:03.339+0000][65][trace][gc,age      ] GC(6) - age   2:    6647832 bytes,   11363952 total
[2025-01-22T15:49:03.340+0000][65][trace][gc,age      ] GC(6) - age   3:    1046216 bytes,   12410168 total
[2025-01-22T15:49:03.340+0000][65][trace][gc,age      ] GC(6) - age   4:    2478352 bytes,   14888520 total
[2025-01-22T15:49:03.340+0000][65][trace][gc,age      ] GC(6) - age   5:    4392864 bytes,   19281384 total
[2025-01-22T15:49:03.340+0000][65][trace][gc,age      ] GC(6) - age   6:    3039552 bytes,   22320936 total
[2025-01-22T15:49:03.340+0000][65][info ][gc,heap     ] GC(6) Eden regions: 71->0(70)
[2025-01-22T15:49:03.341+0000][65][info ][gc,heap     ] GC(6) Survivor regions: 5->6(10)
[2025-01-22T15:49:03.341+0000][65][info ][gc,heap     ] GC(6) Old regions: 0->0
[2025-01-22T15:49:03.341+0000][65][info ][gc,heap     ] GC(6) Archive regions: 2->2
[2025-01-22T15:49:03.341+0000][65][info ][gc,heap     ] GC(6) Humongous regions: 0->0
[2025-01-22T15:49:03.341+0000][65][info ][gc,metaspace] GC(6) Metaspace: 31471K(32192K)->31471K(32192K) NonClass: 27837K(28224K)->27837K(28224K) Class: 3633K(3968K)->3633K(3968K)
[2025-01-22T15:49:03.341+0000][65][info ][gc          ] GC(6) Pause Young (Normal) (G1 Evacuation Pause) 307M->27M(512M) 12.489ms
[2025-01-22T15:49:03.342+0000][65][info ][gc,cpu      ] GC(6) User=0.06s Sys=0.00s Real=0.01s
[2025-01-22T15:49:03.342+0000][65][info ][safepoint   ] Safepoint "G1CollectForAllocation", Time since last: 169621722 ns, Reaching safepoint: 4401 ns, Cleanup: 215709 ns, At safepoint: 12835277 ns, Total: 13055387 ns
[2025-01-22T15:49:03.874+0000][65][info ][gc,start    ] GC(7) Pause Young (Normal) (G1 Evacuation Pause)
[2025-01-22T15:49:03.874+0000][65][info ][gc,task     ] GC(7) Using 10 workers of 10 for evacuation
[2025-01-22T15:49:03.874+0000][65][debug][gc,age      ] GC(7) Desired survivor size 20971520 bytes, new threshold 6 (max threshold 15)
[2025-01-22T15:49:03.886+0000][65][info ][gc,phases   ] GC(7)   Pre Evacuate Collection Set: 0.2ms
[2025-01-22T15:49:03.886+0000][65][info ][gc,phases   ] GC(7)   Merge Heap Roots: 0.2ms
[2025-01-22T15:49:03.887+0000][65][info ][gc,phases   ] GC(7)   Evacuate Collection Set: 8.7ms
[2025-01-22T15:49:03.887+0000][65][info ][gc,phases   ] GC(7)   Post Evacuate Collection Set: 2.1ms
[2025-01-22T15:49:03.887+0000][65][info ][gc,phases   ] GC(7)   Other: 0.7ms
[2025-01-22T15:49:03.887+0000][65][trace][gc,age      ] GC(7) Age table with threshold 6 (max threshold 15)
[2025-01-22T15:49:03.887+0000][65][trace][gc,age      ] GC(7) - age   1:    5043312 bytes,    5043312 total
[2025-01-22T15:49:03.888+0000][65][trace][gc,age      ] GC(7) - age   2:    4560440 bytes,    9603752 total
[2025-01-22T15:49:03.888+0000][65][trace][gc,age      ] GC(7) - age   3:    6643504 bytes,   16247256 total
[2025-01-22T15:49:03.888+0000][65][trace][gc,age      ] GC(7) - age   4:    1046216 bytes,   17293472 total
[2025-01-22T15:49:03.888+0000][65][trace][gc,age      ] GC(7) - age   5:    2477408 bytes,   19770880 total
[2025-01-22T15:49:03.888+0000][65][trace][gc,age      ] GC(7) - age   6:    4386720 bytes,   24157600 total
[2025-01-22T15:49:03.889+0000][65][info ][gc,heap     ] GC(7) Eden regions: 70->0(69)
[2025-01-22T15:49:03.889+0000][65][info ][gc,heap     ] GC(7) Survivor regions: 6->7(10)
[2025-01-22T15:49:03.889+0000][65][info ][gc,heap     ] GC(7) Old regions: 0->1
[2025-01-22T15:49:03.889+0000][65][info ][gc,heap     ] GC(7) Archive regions: 2->2
[2025-01-22T15:49:03.889+0000][65][info ][gc,heap     ] GC(7) Humongous regions: 0->0
[2025-01-22T15:49:03.890+0000][65][info ][gc,metaspace] GC(7) Metaspace: 32968K(33792K)->32968K(33792K) NonClass: 29133K(29632K)->29133K(29632K) Class: 3835K(4160K)->3835K(4160K)
[2025-01-22T15:49:03.890+0000][65][info ][gc          ] GC(7) Pause Young (Normal) (G1 Evacuation Pause) 307M->31M(512M) 16.083ms
[2025-01-22T15:49:03.890+0000][65][info ][gc,cpu      ] GC(7) User=0.09s Sys=0.00s Real=0.02s
[2025-01-22T15:49:03.890+0000][65][info ][safepoint   ] Safepoint "G1CollectForAllocation", Time since last: 531564288 ns, Reaching safepoint: 4100 ns, Cleanup: 289113 ns, At safepoint: 16472040 ns, Total: 16765253 ns
[2025-01-22T15:49:04.267+0000][65][info ][gc,start    ] GC(8) Pause Young (Normal) (G1 Evacuation Pause)
[2025-01-22T15:49:04.275+0000][65][info ][gc,task     ] GC(8) Using 10 workers of 10 for evacuation
[2025-01-22T15:49:04.276+0000][65][debug][gc,age      ] GC(8) Desired survivor size 20971520 bytes, new threshold 6 (max threshold 15)
[2025-01-22T15:49:04.284+0000][65][info ][gc,phases   ] GC(8)   Pre Evacuate Collection Set: 0.2ms
[2025-01-22T15:49:04.284+0000][65][info ][gc,phases   ] GC(8)   Merge Heap Roots: 0.1ms
[2025-01-22T15:49:04.284+0000][65][info ][gc,phases   ] GC(8)   Evacuate Collection Set: 6.2ms
[2025-01-22T15:49:04.284+0000][65][info ][gc,phases   ] GC(8)   Post Evacuate Collection Set: 1.1ms
[2025-01-22T15:49:04.285+0000][65][info ][gc,phases   ] GC(8)   Other: 0.4ms
[2025-01-22T15:49:04.285+0000][65][trace][gc,age      ] GC(8) Age table with threshold 6 (max threshold 15)
[2025-01-22T15:49:04.285+0000][65][trace][gc,age      ] GC(8) - age   1:    3644752 bytes,    3644752 total
[2025-01-22T15:49:04.285+0000][65][trace][gc,age      ] GC(8) - age   2:    4236128 bytes,    7880880 total
[2025-01-22T15:49:04.285+0000][65][trace][gc,age      ] GC(8) - age   3:    4560344 bytes,   12441224 total
[2025-01-22T15:49:04.286+0000][65][trace][gc,age      ] GC(8) - age   4:    6643504 bytes,   19084728 total
[2025-01-22T15:49:04.286+0000][65][trace][gc,age      ] GC(8) - age   5:    1046216 bytes,   20130944 total
[2025-01-22T15:49:04.286+0000][65][trace][gc,age      ] GC(8) - age   6:    2477376 bytes,   22608320 total
[2025-01-22T15:49:04.286+0000][65][info ][gc,heap     ] GC(8) Eden regions: 69->0(70)
[2025-01-22T15:49:04.286+0000][65][info ][gc,heap     ] GC(8) Survivor regions: 7->6(10)
[2025-01-22T15:49:04.286+0000][65][info ][gc,heap     ] GC(8) Old regions: 1->2
[2025-01-22T15:49:04.286+0000][65][info ][gc,heap     ] GC(8) Archive regions: 2->2
[2025-01-22T15:49:04.287+0000][65][info ][gc,heap     ] GC(8) Humongous regions: 0->0
[2025-01-22T15:49:04.287+0000][65][info ][gc,metaspace] GC(8) Metaspace: 33663K(34496K)->33663K(34496K) NonClass: 29722K(30208K)->29722K(30208K) Class: 3941K(4288K)->3941K(4288K)
[2025-01-22T15:49:04.287+0000][65][info ][gc          ] GC(8) Pause Young (Normal) (G1 Evacuation Pause) 307M->35M(512M) 19.444ms
[2025-01-22T15:49:04.287+0000][65][info ][gc,cpu      ] GC(8) User=0.07s Sys=0.01s Real=0.02s
[2025-01-22T15:49:04.287+0000][65][info ][safepoint   ] Safepoint "G1CollectForAllocation", Time since last: 377067546 ns, Reaching safepoint: 4900 ns, Cleanup: 212809 ns, At safepoint: 19755388 ns, Total: 19973097 ns
[2025-01-22T15:49:04.490+0000][65][info ][gc,start    ] GC(9) Pause Young (Concurrent Start) (Metadata GC Threshold)
[2025-01-22T15:49:04.490+0000][65][info ][gc,task     ] GC(9) Using 10 workers of 10 for evacuation
[2025-01-22T15:49:04.490+0000][65][debug][gc,age      ] GC(9) Desired survivor size 20971520 bytes, new threshold 6 (max threshold 15)
[2025-01-22T15:49:04.497+0000][65][info ][gc,phases   ] GC(9)   Pre Evacuate Collection Set: 0.3ms
[2025-01-22T15:49:04.498+0000][65][info ][gc,phases   ] GC(9)   Merge Heap Roots: 0.2ms
[2025-01-22T15:49:04.498+0000][65][info ][gc,phases   ] GC(9)   Evacuate Collection Set: 5.2ms
[2025-01-22T15:49:04.498+0000][65][info ][gc,phases   ] GC(9)   Post Evacuate Collection Set: 1.0ms
[2025-01-22T15:49:04.498+0000][65][info ][gc,phases   ] GC(9)   Other: 0.6ms
[2025-01-22T15:49:04.498+0000][65][trace][gc,age      ] GC(9) Age table with threshold 6 (max threshold 15)
[2025-01-22T15:49:04.499+0000][65][trace][gc,age      ] GC(9) - age   1:     923472 bytes,     923472 total
[2025-01-22T15:49:04.499+0000][65][trace][gc,age      ] GC(9) - age   2:    3335608 bytes,    4259080 total
[2025-01-22T15:49:04.499+0000][65][trace][gc,age      ] GC(9) - age   3:    4225664 bytes,    8484744 total
[2025-01-22T15:49:04.499+0000][65][trace][gc,age      ] GC(9) - age   4:    4547040 bytes,   13031784 total
[2025-01-22T15:49:04.499+0000][65][trace][gc,age      ] GC(9) - age   5:    6629088 bytes,   19660872 total
[2025-01-22T15:49:04.499+0000][65][trace][gc,age      ] GC(9) - age   6:    1044224 bytes,   20705096 total
[2025-01-22T15:49:04.500+0000][65][info ][gc,heap     ] GC(9) Eden regions: 21->0(70)
[2025-01-22T15:49:04.500+0000][65][info ][gc,heap     ] GC(9) Survivor regions: 6->6(10)
[2025-01-22T15:49:04.500+0000][65][info ][gc,heap     ] GC(9) Old regions: 2->3
[2025-01-22T15:49:04.500+0000][65][info ][gc,heap     ] GC(9) Archive regions: 2->2
[2025-01-22T15:49:04.500+0000][65][info ][gc,heap     ] GC(9) Humongous regions: 0->0
[2025-01-22T15:49:04.500+0000][65][info ][gc,metaspace] GC(9) Metaspace: 35110K(35968K)->35110K(35968K) NonClass: 31001K(31488K)->31001K(31488K) Class: 4108K(4480K)->4108K(4480K)
[2025-01-22T15:49:04.500+0000][65][info ][gc          ] GC(9) Pause Young (Concurrent Start) (Metadata GC Threshold) 117M->36M(512M) 10.685ms
[2025-01-22T15:49:04.501+0000][65][info ][gc,cpu      ] GC(9) User=0.06s Sys=0.00s Real=0.01s
[2025-01-22T15:49:04.501+0000][65][info ][gc          ] GC(10) Concurrent Mark Cycle
[2025-01-22T15:49:04.501+0000][65][info ][gc,marking  ] GC(10) Concurrent Scan Root Regions
[2025-01-22T15:49:04.501+0000][65][info ][safepoint   ] Safepoint "CollectForMetadataAllocation", Time since last: 202418397 ns, Reaching safepoint: 4200 ns, Cleanup: 215509 ns, At safepoint: 11165402 ns, Total: 11385111 ns
[2025-01-22T15:49:04.505+0000][65][info ][gc,marking  ] GC(10) Concurrent Scan Root Regions 4.127ms
[2025-01-22T15:49:04.505+0000][65][info ][gc,marking  ] GC(10) Concurrent Mark
[2025-01-22T15:49:04.506+0000][65][info ][gc,marking  ] GC(10) Concurrent Mark From Roots
[2025-01-22T15:49:04.506+0000][65][info ][gc,task     ] GC(10) Using 3 workers of 3 for marking
[2025-01-22T15:49:04.512+0000][65][info ][gc,marking  ] GC(10) Concurrent Mark From Roots 6.713ms
[2025-01-22T15:49:04.512+0000][65][info ][gc,marking  ] GC(10) Concurrent Preclean
[2025-01-22T15:49:04.513+0000][65][info ][gc,marking  ] GC(10) Concurrent Preclean 0.220ms
[2025-01-22T15:49:04.513+0000][65][info ][gc,start    ] GC(10) Pause Remark
[2025-01-22T15:49:04.519+0000][65][info ][gc          ] GC(10) Pause Remark 38M->38M(512M) 6.058ms
[2025-01-22T15:49:04.520+0000][65][info ][gc,cpu      ] GC(10) User=0.05s Sys=0.00s Real=0.01s
[2025-01-22T15:49:04.520+0000][65][info ][safepoint   ] Safepoint "G1PauseRemark", Time since last: 12031241 ns, Reaching safepoint: 102805 ns, Cleanup: 207909 ns, At safepoint: 6585496 ns, Total: 6896210 ns
[2025-01-22T15:49:04.520+0000][65][info ][gc,marking  ] GC(10) Concurrent Mark 14.751ms
[2025-01-22T15:49:04.520+0000][65][info ][gc,marking  ] GC(10) Concurrent Rebuild Remembered Sets and Scrub Regions
[2025-01-22T15:49:04.524+0000][65][info ][gc,marking  ] GC(10) Concurrent Rebuild Remembered Sets and Scrub Regions 3.264ms
[2025-01-22T15:49:04.524+0000][65][info ][gc,start    ] GC(10) Pause Cleanup
[2025-01-22T15:49:04.525+0000][65][info ][gc          ] GC(10) Pause Cleanup 38M->38M(512M) 0.380ms
[2025-01-22T15:49:04.525+0000][65][info ][gc,cpu      ] GC(10) User=0.01s Sys=0.00s Real=0.00s
[2025-01-22T15:49:04.525+0000][65][info ][safepoint   ] Safepoint "G1PauseCleanup", Time since last: 4029781 ns, Reaching safepoint: 101304 ns, Cleanup: 201209 ns, At safepoint: 775335 ns, Total: 1077848 ns
[2025-01-22T15:49:04.525+0000][65][info ][gc,marking  ] GC(10) Concurrent Clear Claimed Marks
[2025-01-22T15:49:04.525+0000][65][info ][gc,marking  ] GC(10) Concurrent Clear Claimed Marks 0.232ms
[2025-01-22T15:49:04.526+0000][65][info ][gc,marking  ] GC(10) Concurrent Cleanup for Next Mark
[2025-01-22T15:49:04.526+0000][65][info ][gc,marking  ] GC(10) Concurrent Cleanup for Next Mark 0.601ms
[2025-01-22T15:49:04.527+0000][65][info ][gc          ] GC(10) Concurrent Mark Cycle 25.888ms
[2025-01-22T15:49:05.264+0000][65][info ][safepoint   ] Safepoint "ICBufferFull", Time since last: 739231454 ns, Reaching safepoint: 5300 ns, Cleanup: 218211 ns, At safepoint: 34101 ns, Total: 257612 ns
[2025-01-22T15:49:05.713+0000][65][info ][safepoint   ] Safepoint "ICBufferFull", Time since last: 448048644 ns, Reaching safepoint: 4600 ns, Cleanup: 192009 ns, At safepoint: 3800 ns, Total: 200409 ns
[2025-01-22T15:49:06.716+0000][65][info ][safepoint   ] Safepoint "Cleanup", Time since last: 1002036528 ns, Reaching safepoint: 92604 ns, Cleanup: 1616979 ns, At safepoint: 38601 ns, Total: 1748184 ns
[2025-01-22T15:49:07.719+0000][65][info ][safepoint   ] Safepoint "Cleanup", Time since last: 1002155634 ns, Reaching safepoint: 124706 ns, Cleanup: 275713 ns, At safepoint: 35002 ns, Total: 435421 ns
[2025-01-22T15:49:07.725+0000][65][info ][gc,start    ] GC(11) Pause Young (Normal) (G1 Evacuation Pause)
[2025-01-22T15:49:07.725+0000][65][info ][gc,task     ] GC(11) Using 10 workers of 10 for evacuation
[2025-01-22T15:49:07.726+0000][65][debug][gc,age      ] GC(11) Desired survivor size 20971520 bytes, new threshold 15 (max threshold 15)
[2025-01-22T15:49:07.751+0000][65][info ][gc,phases   ] GC(11)   Pre Evacuate Collection Set: 0.4ms
[2025-01-22T15:49:07.752+0000][65][info ][gc,phases   ] GC(11)   Merge Heap Roots: 0.2ms
[2025-01-22T15:49:07.752+0000][65][info ][gc,phases   ] GC(11)   Evacuate Collection Set: 21.8ms
[2025-01-22T15:49:07.753+0000][65][info ][gc,phases   ] GC(11)   Post Evacuate Collection Set: 2.5ms
[2025-01-22T15:49:07.753+0000][65][info ][gc,phases   ] GC(11)   Other: 0.9ms
[2025-01-22T15:49:07.753+0000][65][trace][gc,age      ] GC(11) Age table with threshold 15 (max threshold 15)
[2025-01-22T15:49:07.753+0000][65][trace][gc,age      ] GC(11) - age   1:   18459824 bytes,   18459824 total
[2025-01-22T15:49:07.753+0000][65][trace][gc,age      ] GC(11) - age   2:     899248 bytes,   19359072 total
[2025-01-22T15:49:07.754+0000][65][trace][gc,age      ] GC(11) - age   3:    3329944 bytes,   22689016 total
[2025-01-22T15:49:07.754+0000][65][trace][gc,age      ] GC(11) - age   4:    4202120 bytes,   26891136 total
[2025-01-22T15:49:07.754+0000][65][trace][gc,age      ] GC(11) - age   5:    4538176 bytes,   31429312 total
[2025-01-22T15:49:07.754+0000][65][trace][gc,age      ] GC(11) - age   6:    6607360 bytes,   38036672 total
[2025-01-22T15:49:07.755+0000][65][trace][gc,age      ] GC(11) - age   7:    1039904 bytes,   39076576 total
[2025-01-22T15:49:07.755+0000][65][info ][gc,heap     ] GC(11) Eden regions: 70->0(66)
[2025-01-22T15:49:07.755+0000][65][info ][gc,heap     ] GC(11) Survivor regions: 6->10(10)
[2025-01-22T15:49:07.755+0000][65][info ][gc,heap     ] GC(11) Old regions: 3->3
[2025-01-22T15:49:07.756+0000][65][info ][gc,heap     ] GC(11) Archive regions: 2->2
[2025-01-22T15:49:07.756+0000][65][info ][gc,heap     ] GC(11) Humongous regions: 0->0
[2025-01-22T15:49:07.756+0000][65][info ][gc,metaspace] GC(11) Metaspace: 44008K(45312K)->44008K(45312K) NonClass: 38686K(39488K)->38686K(39488K) Class: 5322K(5824K)->5322K(5824K)
[2025-01-22T15:49:07.756+0000][65][info ][gc          ] GC(11) Pause Young (Normal) (G1 Evacuation Pause) 316M->53M(512M) 31.270ms
[2025-01-22T15:49:07.756+0000][65][info ][gc,cpu      ] GC(11) User=0.25s Sys=0.00s Real=0.04s
[2025-01-22T15:49:07.757+0000][65][info ][safepoint   ] Safepoint "G1CollectForAllocation", Time since last: 5617972 ns, Reaching safepoint: 7501 ns, Cleanup: 273713 ns, At safepoint: 31823144 ns, Total: 32104358 ns
[2025-01-22T15:49:08.829+0000][65][info ][safepoint   ] Safepoint "ICBufferFull", Time since last: 1071523100 ns, Reaching safepoint: 6500 ns, Cleanup: 308815 ns, At safepoint: 24401 ns, Total: 339716 ns
[2025-01-22T15:49:09.805+0000][65][info ][gc,start    ] GC(12) Pause Young (Concurrent Start) (Metadata GC Threshold)
[2025-01-22T15:49:09.806+0000][65][info ][gc,task     ] GC(12) Using 10 workers of 10 for evacuation
[2025-01-22T15:49:09.806+0000][65][debug][gc,age      ] GC(12) Desired survivor size 20971520 bytes, new threshold 3 (max threshold 15)
[2025-01-22T15:49:09.828+0000][65][info ][gc,phases   ] GC(12)   Pre Evacuate Collection Set: 0.3ms
[2025-01-22T15:49:09.829+0000][65][info ][gc,phases   ] GC(12)   Merge Heap Roots: 0.2ms
[2025-01-22T15:49:09.829+0000][65][info ][gc,phases   ] GC(12)   Evacuate Collection Set: 19.3ms
[2025-01-22T15:49:09.829+0000][65][info ][gc,phases   ] GC(12)   Post Evacuate Collection Set: 2.4ms
[2025-01-22T15:49:09.829+0000][65][info ][gc,phases   ] GC(12)   Other: 0.6ms
[2025-01-22T15:49:09.830+0000][65][trace][gc,age      ] GC(12) Age table with threshold 3 (max threshold 15)
[2025-01-22T15:49:09.830+0000][65][trace][gc,age      ] GC(12) - age   1:    7288192 bytes,    7288192 total
[2025-01-22T15:49:09.830+0000][65][trace][gc,age      ] GC(12) - age   2:   18068288 bytes,   25356480 total
[2025-01-22T15:49:09.830+0000][65][trace][gc,age      ] GC(12) - age   3:     895488 bytes,   26251968 total
[2025-01-22T15:49:09.831+0000][65][info ][gc,heap     ] GC(12) Eden regions: 45->0(69)
[2025-01-22T15:49:09.831+0000][65][info ][gc,heap     ] GC(12) Survivor regions: 10->7(10)
[2025-01-22T15:49:09.831+0000][65][info ][gc,heap     ] GC(12) Old regions: 3->8
[2025-01-22T15:49:09.831+0000][65][info ][gc,heap     ] GC(12) Archive regions: 2->2
[2025-01-22T15:49:09.832+0000][65][info ][gc,heap     ] GC(12) Humongous regions: 0->0
[2025-01-22T15:49:09.832+0000][65][info ][gc,metaspace] GC(12) Metaspace: 58827K(60160K)->58827K(60160K) NonClass: 51381K(52160K)->51381K(52160K) Class: 7445K(8000K)->7445K(8000K)
[2025-01-22T15:49:09.832+0000][65][info ][gc          ] GC(12) Pause Young (Concurrent Start) (Metadata GC Threshold) 233M->62M(512M) 26.856ms
[2025-01-22T15:49:09.832+0000][65][info ][gc,cpu      ] GC(12) User=0.18s Sys=0.01s Real=0.03s
[2025-01-22T15:49:09.833+0000][65][info ][gc          ] GC(13) Concurrent Mark Cycle
[2025-01-22T15:49:09.833+0000][65][info ][gc,marking  ] GC(13) Concurrent Scan Root Regions
[2025-01-22T15:49:09.833+0000][65][info ][safepoint   ] Safepoint "CollectForMetadataAllocation", Time since last: 976389283 ns, Reaching safepoint: 5900 ns, Cleanup: 242912 ns, At safepoint: 27649542 ns, Total: 27898354 ns
[2025-01-22T15:49:09.853+0000][65][info ][gc,marking  ] GC(13) Concurrent Scan Root Regions 19.599ms
[2025-01-22T15:49:09.853+0000][65][info ][gc,marking  ] GC(13) Concurrent Mark
[2025-01-22T15:49:09.853+0000][65][info ][gc,marking  ] GC(13) Concurrent Mark From Roots
[2025-01-22T15:49:09.854+0000][65][info ][gc,task     ] GC(13) Using 3 workers of 3 for marking
[2025-01-22T15:49:09.863+0000][65][info ][gc,marking  ] GC(13) Concurrent Mark From Roots 9.167ms
[2025-01-22T15:49:09.863+0000][65][info ][gc,marking  ] GC(13) Concurrent Preclean
[2025-01-22T15:49:09.863+0000][65][info ][gc,marking  ] GC(13) Concurrent Preclean 0.371ms
[2025-01-22T15:49:09.864+0000][65][info ][gc,start    ] GC(13) Pause Remark
[2025-01-22T15:49:09.870+0000][65][info ][gc          ] GC(13) Pause Remark 65M->65M(512M) 6.203ms
[2025-01-22T15:49:09.871+0000][65][info ][gc,cpu      ] GC(13) User=0.02s Sys=0.01s Real=0.01s
[2025-01-22T15:49:09.871+0000][65][info ][safepoint   ] Safepoint "G1PauseRemark", Time since last: 30833896 ns, Reaching safepoint: 101705 ns, Cleanup: 264413 ns, At safepoint: 6920836 ns, Total: 7286954 ns
[2025-01-22T15:49:09.871+0000][65][info ][gc,marking  ] GC(13) Concurrent Mark 18.275ms
[2025-01-22T15:49:09.872+0000][65][info ][gc,marking  ] GC(13) Concurrent Rebuild Remembered Sets and Scrub Regions
[2025-01-22T15:49:09.881+0000][65][info ][gc,marking  ] GC(13) Concurrent Rebuild Remembered Sets and Scrub Regions 9.143ms
[2025-01-22T15:49:09.882+0000][65][info ][gc,start    ] GC(13) Pause Cleanup
[2025-01-22T15:49:09.882+0000][65][info ][gc          ] GC(13) Pause Cleanup 65M->65M(512M) 0.581ms
[2025-01-22T15:49:09.883+0000][65][info ][gc,cpu      ] GC(13) User=0.00s Sys=0.00s Real=0.00s
[2025-01-22T15:49:09.883+0000][65][info ][safepoint   ] Safepoint "G1PauseCleanup", Time since last: 10189994 ns, Reaching safepoint: 347817 ns, Cleanup: 288514 ns, At safepoint: 1193758 ns, Total: 1830089 ns
[2025-01-22T15:49:09.883+0000][65][info ][gc,marking  ] GC(13) Concurrent Clear Claimed Marks
[2025-01-22T15:49:09.884+0000][65][info ][gc,marking  ] GC(13) Concurrent Clear Claimed Marks 0.397ms
[2025-01-22T15:49:09.884+0000][65][info ][gc,marking  ] GC(13) Concurrent Cleanup for Next Mark
[2025-01-22T15:49:09.886+0000][65][info ][gc,marking  ] GC(13) Concurrent Cleanup for Next Mark 1.474ms
[2025-01-22T15:49:09.886+0000][65][info ][gc          ] GC(13) Concurrent Mark Cycle 53.691ms
[2025-01-22T15:49:10.884+0000][65][info ][safepoint   ] Safepoint "Cleanup", Time since last: 1000415849 ns, Reaching safepoint: 91504 ns, Cleanup: 217011 ns, At safepoint: 26901 ns, Total: 335416 ns
[2025-01-22T15:49:11.505+0000][65][info ][gc,start    ] GC(14) Pause Young (Normal) (G1 Evacuation Pause)
[2025-01-22T15:49:11.506+0000][65][info ][gc,task     ] GC(14) Using 10 workers of 10 for evacuation
[2025-01-22T15:49:11.506+0000][65][debug][gc,age      ] GC(14) Desired survivor size 20971520 bytes, new threshold 2 (max threshold 15)
[2025-01-22T15:49:11.518+0000][65][info ][gc,phases   ] GC(14)   Pre Evacuate Collection Set: 0.2ms
[2025-01-22T15:49:11.518+0000][65][info ][gc,phases   ] GC(14)   Merge Heap Roots: 0.2ms
[2025-01-22T15:49:11.519+0000][65][info ][gc,phases   ] GC(14)   Evacuate Collection Set: 9.2ms
[2025-01-22T15:49:11.519+0000][65][info ][gc,phases   ] GC(14)   Post Evacuate Collection Set: 1.8ms
[2025-01-22T15:49:11.519+0000][65][info ][gc,phases   ] GC(14)   Other: 0.7ms
[2025-01-22T15:49:11.519+0000][65][trace][gc,age      ] GC(14) Age table with threshold 2 (max threshold 15)
[2025-01-22T15:49:11.520+0000][65][trace][gc,age      ] GC(14) - age   1:    2577664 bytes,    2577664 total
[2025-01-22T15:49:11.520+0000][65][trace][gc,age      ] GC(14) - age   2:    7062984 bytes,    9640648 total
[2025-01-22T15:49:11.520+0000][65][info ][gc,heap     ] GC(14) Eden regions: 69->0(73)
[2025-01-22T15:49:11.520+0000][65][info ][gc,heap     ] GC(14) Survivor regions: 7->3(10)
[2025-01-22T15:49:11.521+0000][65][info ][gc,heap     ] GC(14) Old regions: 8->13
[2025-01-22T15:49:11.521+0000][65][info ][gc,heap     ] GC(14) Archive regions: 2->2
[2025-01-22T15:49:11.521+0000][65][info ][gc,heap     ] GC(14) Humongous regions: 0->0
[2025-01-22T15:49:11.521+0000][65][info ][gc,metaspace] GC(14) Metaspace: 67288K(68736K)->67288K(68736K) NonClass: 58528K(59392K)->58528K(59392K) Class: 8760K(9344K)->8760K(9344K)
[2025-01-22T15:49:11.521+0000][65][info ][gc          ] GC(14) Pause Young (Normal) (G1 Evacuation Pause) 338M->66M(512M) 16.089ms
[2025-01-22T15:49:11.522+0000][65][info ][gc,cpu      ] GC(14) User=0.11s Sys=0.00s Real=0.02s
[2025-01-22T15:49:11.522+0000][65][info ][safepoint   ] Safepoint "G1CollectForAllocation", Time since last: 621260149 ns, Reaching safepoint: 3400 ns, Cleanup: 230611 ns, At safepoint: 16503201 ns, Total: 16737212 ns
[2025-01-22T15:49:12.870+0000][65][info ][safepoint   ] Safepoint "ICBufferFull", Time since last: 1347661200 ns, Reaching safepoint: 6500 ns, Cleanup: 214711 ns, At safepoint: 34601 ns, Total: 255812 ns
[2025-01-22T15:49:13.531+0000][65][info ][safepoint   ] Safepoint "ICBufferFull", Time since last: 661204601 ns, Reaching safepoint: 4200 ns, Cleanup: 180309 ns, At safepoint: 18601 ns, Total: 203110 ns
[2025-01-22T15:49:13.612+0000][65][info ][gc,start    ] GC(15) Pause Young (Concurrent Start) (Metadata GC Threshold)
[2025-01-22T15:49:13.613+0000][65][info ][gc,task     ] GC(15) Using 10 workers of 10 for evacuation
[2025-01-22T15:49:13.613+0000][65][debug][gc,age      ] GC(15) Desired survivor size 20971520 bytes, new threshold 15 (max threshold 15)
[2025-01-22T15:49:13.626+0000][65][info ][gc,phases   ] GC(15)   Pre Evacuate Collection Set: 0.3ms
[2025-01-22T15:49:13.626+0000][65][info ][gc,phases   ] GC(15)   Merge Heap Roots: 0.2ms
[2025-01-22T15:49:13.626+0000][65][info ][gc,phases   ] GC(15)   Evacuate Collection Set: 9.5ms
[2025-01-22T15:49:13.626+0000][65][info ][gc,phases   ] GC(15)   Post Evacuate Collection Set: 2.3ms
[2025-01-22T15:49:13.626+0000][65][info ][gc,phases   ] GC(15)   Other: 0.7ms
[2025-01-22T15:49:13.627+0000][65][trace][gc,age      ] GC(15) Age table with threshold 15 (max threshold 15)
[2025-01-22T15:49:13.627+0000][65][trace][gc,age      ] GC(15) - age   1:   13672872 bytes,   13672872 total
[2025-01-22T15:49:13.627+0000][65][trace][gc,age      ] GC(15) - age   2:    2391064 bytes,   16063936 total
[2025-01-22T15:49:13.627+0000][65][trace][gc,age      ] GC(15) - age   3:    6963816 bytes,   23027752 total
[2025-01-22T15:49:13.627+0000][65][info ][gc,heap     ] GC(15) Eden regions: 47->0(69)
[2025-01-22T15:49:13.627+0000][65][info ][gc,heap     ] GC(15) Survivor regions: 3->7(10)
[2025-01-22T15:49:13.628+0000][65][info ][gc,heap     ] GC(15) Old regions: 13->13
[2025-01-22T15:49:13.628+0000][65][info ][gc,heap     ] GC(15) Archive regions: 2->2
[2025-01-22T15:49:13.628+0000][65][info ][gc,heap     ] GC(15) Humongous regions: 0->0
[2025-01-22T15:49:13.628+0000][65][info ][gc,metaspace] GC(15) Metaspace: 98223K(100736K)->98223K(100736K) NonClass: 85019K(86336K)->85019K(86336K) Class: 13203K(14400K)->13203K(14400K)
[2025-01-22T15:49:13.628+0000][65][info ][gc          ] GC(15) Pause Young (Concurrent Start) (Metadata GC Threshold) 252M->78M(512M) 15.722ms
[2025-01-22T15:49:13.628+0000][65][info ][gc,cpu      ] GC(15) User=0.09s Sys=0.01s Real=0.02s
[2025-01-22T15:49:13.628+0000][65][info ][gc          ] GC(16) Concurrent Mark Cycle
[2025-01-22T15:49:13.629+0000][65][info ][gc,marking  ] GC(16) Concurrent Scan Root Regions
[2025-01-22T15:49:13.629+0000][65][info ][safepoint   ] Safepoint "CollectForMetadataAllocation", Time since last: 80961338 ns, Reaching safepoint: 5901 ns, Cleanup: 260313 ns, At safepoint: 16231309 ns, Total: 16497523 ns
[2025-01-22T15:49:13.639+0000][65][info ][gc,marking  ] GC(16) Concurrent Scan Root Regions 9.929ms
[2025-01-22T15:49:13.639+0000][65][info ][gc,marking  ] GC(16) Concurrent Mark
[2025-01-22T15:49:13.639+0000][65][info ][gc,marking  ] GC(16) Concurrent Mark From Roots
[2025-01-22T15:49:13.640+0000][65][info ][gc,task     ] GC(16) Using 3 workers of 3 for marking
[2025-01-22T15:49:13.662+0000][65][info ][safepoint   ] Safepoint "CollectForMetadataAllocation", Time since last: 33002047 ns, Reaching safepoint: 49202 ns, Cleanup: 204110 ns, At safepoint: 143907 ns, Total: 397219 ns
[2025-01-22T15:49:13.670+0000][65][info ][gc,marking  ] GC(16) Concurrent Mark From Roots 30.250ms
[2025-01-22T15:49:13.670+0000][65][info ][gc,marking  ] GC(16) Concurrent Preclean
[2025-01-22T15:49:13.670+0000][65][info ][gc,marking  ] GC(16) Concurrent Preclean 0.492ms
[2025-01-22T15:49:13.671+0000][65][info ][gc,start    ] GC(16) Pause Remark
[2025-01-22T15:49:13.676+0000][65][info ][gc          ] GC(16) Pause Remark 82M->82M(512M) 4.748ms
[2025-01-22T15:49:13.676+0000][65][info ][gc,cpu      ] GC(16) User=0.03s Sys=0.01s Real=0.01s
[2025-01-22T15:49:13.676+0000][65][info ][safepoint   ] Safepoint "G1PauseRemark", Time since last: 8753137 ns, Reaching safepoint: 142507 ns, Cleanup: 257013 ns, At safepoint: 5233261 ns, Total: 5632781 ns
[2025-01-22T15:49:13.677+0000][65][info ][gc,marking  ] GC(16) Concurrent Mark 37.695ms
[2025-01-22T15:49:13.677+0000][65][info ][gc,marking  ] GC(16) Concurrent Rebuild Remembered Sets and Scrub Regions
[2025-01-22T15:49:13.694+0000][65][info ][gc,marking  ] GC(16) Concurrent Rebuild Remembered Sets and Scrub Regions 17.124ms
[2025-01-22T15:49:13.695+0000][65][info ][gc,start    ] GC(16) Pause Cleanup
[2025-01-22T15:49:13.695+0000][65][info ][gc          ] GC(16) Pause Cleanup 84M->84M(512M) 0.465ms
[2025-01-22T15:49:13.695+0000][65][info ][gc,cpu      ] GC(16) User=0.02s Sys=0.00s Real=0.01s
[2025-01-22T15:49:13.696+0000][65][info ][safepoint   ] Safepoint "G1PauseCleanup", Time since last: 18044700 ns, Reaching safepoint: 105405 ns, Cleanup: 209311 ns, At safepoint: 950247 ns, Total: 1264963 ns
[2025-01-22T15:49:13.696+0000][65][info ][gc,marking  ] GC(16) Concurrent Clear Claimed Marks
[2025-01-22T15:49:13.696+0000][65][info ][gc,marking  ] GC(16) Concurrent Clear Claimed Marks 0.405ms
[2025-01-22T15:49:13.697+0000][65][info ][gc,marking  ] GC(16) Concurrent Cleanup for Next Mark
[2025-01-22T15:49:13.697+0000][65][info ][gc,marking  ] GC(16) Concurrent Cleanup for Next Mark 0.584ms
[2025-01-22T15:49:13.698+0000][65][info ][gc          ] GC(16) Concurrent Mark Cycle 69.204ms
[2025-01-22T15:49:14.800+0000][65][info ][safepoint   ] Safepoint "Cleanup", Time since last: 1103848465 ns, Reaching safepoint: 5800 ns, Cleanup: 235712 ns, At safepoint: 29101 ns, Total: 270613 ns
[2025-01-22T15:49:15.800+0000][65][info ][safepoint   ] Safepoint "Cleanup", Time since last: 1000370502 ns, Reaching safepoint: 11801 ns, Cleanup: 274714 ns, At safepoint: 10200 ns, Total: 296715 ns
[2025-01-22T15:49:16.126+0000][65][info ][safepoint   ] Safepoint "ICBufferFull", Time since last: 325069816 ns, Reaching safepoint: 94605 ns, Cleanup: 177509 ns, At safepoint: 56202 ns, Total: 328316 ns
[2025-01-22T15:49:16.262+0000][65][info ][safepoint   ] Safepoint "ICBufferFull", Time since last: 135509960 ns, Reaching safepoint: 14401 ns, Cleanup: 225411 ns, At safepoint: 46502 ns, Total: 286314 ns
[2025-01-22T15:49:16.753+0000][65][info ][safepoint   ] Safepoint "ICBufferFull", Time since last: 490669677 ns, Reaching safepoint: 14301 ns, Cleanup: 236312 ns, At safepoint: 49002 ns, Total: 299615 ns
[2025-01-22T15:49:17.753+0000][65][info ][safepoint   ] Safepoint "Cleanup", Time since last: 1000441006 ns, Reaching safepoint: 12101 ns, Cleanup: 176708 ns, At safepoint: 6301 ns, Total: 195110 ns
[2025-01-22T15:49:18.754+0000][65][info ][safepoint   ] Safepoint "Cleanup", Time since last: 1000579612 ns, Reaching safepoint: 27002 ns, Cleanup: 186309 ns, At safepoint: 7000 ns, Total: 220311 ns
[2025-01-22T15:49:20.534+0000][65][info ][safepoint   ] Safepoint "Cleanup", Time since last: 1779390964 ns, Reaching safepoint: 13500 ns, Cleanup: 238612 ns, At safepoint: 11501 ns, Total: 263613 ns
[2025-01-22T15:49:21.535+0000][65][info ][safepoint   ] Safepoint "Cleanup", Time since last: 1000480121 ns, Reaching safepoint: 14601 ns, Cleanup: 299515 ns, At safepoint: 12401 ns, Total: 326517 ns
[2025-01-22T15:49:22.535+0000][65][info ][safepoint   ] Safepoint "Cleanup", Time since last: 1000315223 ns, Reaching safepoint: 12800 ns, Cleanup: 185110 ns, At safepoint: 5600 ns, Total: 203510 ns
[2025-01-22T15:49:23.536+0000][65][info ][safepoint   ] Safepoint "Cleanup", Time since last: 1000472931 ns, Reaching safepoint: 10900 ns, Cleanup: 266214 ns, At safepoint: 7600 ns, Total: 284714 ns
[2025-01-22T15:49:26.537+0000][65][info ][safepoint   ] Safepoint "Cleanup", Time since last: 3000848265 ns, Reaching safepoint: 11200 ns, Cleanup: 163508 ns, At safepoint: 5401 ns, Total: 180109 ns
[2025-01-22T15:49:28.538+0000][65][info ][safepoint   ] Safepoint "Cleanup", Time since last: 2000724150 ns, Reaching safepoint: 11701 ns, Cleanup: 165108 ns, At safepoint: 8401 ns, Total: 185210 ns
[2025-01-22T15:49:34.538+0000][65][info ][safepoint   ] Safepoint "Cleanup", Time since last: 6001271861 ns, Reaching safepoint: 11001 ns, Cleanup: 215610 ns, At safepoint: 6200 ns, Total: 232811 ns
[2025-01-22T15:49:39.539+0000][65][info ][safepoint   ] Safepoint "Cleanup", Time since last: 5000934765 ns, Reaching safepoint: 14700 ns, Cleanup: 256813 ns, At safepoint: 6800 ns, Total: 278313 ns
[2025-01-22T15:49:42.540+0000][65][info ][safepoint   ] Safepoint "Cleanup", Time since last: 3000967185 ns, Reaching safepoint: 24701 ns, Cleanup: 169708 ns, At safepoint: 5200 ns, Total: 199609 ns
[2025-01-22T15:49:44.541+0000][65][info ][safepoint   ] Safepoint "Cleanup", Time since last: 2000553219 ns, Reaching safepoint: 33402 ns, Cleanup: 182408 ns, At safepoint: 7801 ns, Total: 223611 ns
[2025-01-22T15:49:46.542+0000][65][info ][safepoint   ] Safepoint "Cleanup", Time since last: 2000649204 ns, Reaching safepoint: 13901 ns, Cleanup: 213111 ns, At safepoint: 10700 ns, Total: 237712 ns
[2025-01-22T15:49:47.543+0000][65][info ][safepoint   ] Safepoint "Cleanup", Time since last: 1000449439 ns, Reaching safepoint: 11800 ns, Cleanup: 214411 ns, At safepoint: 6200 ns, Total: 232411 ns
[2025-01-22T15:49:49.544+0000][65][info ][safepoint   ] Safepoint "Cleanup", Time since last: 2000698268 ns, Reaching safepoint: 16401 ns, Cleanup: 390619 ns, At safepoint: 10801 ns, Total: 417821 ns
[2025-01-22T15:49:52.546+0000][65][info ][safepoint   ] Safepoint "Cleanup", Time since last: 3001386618 ns, Reaching safepoint: 14701 ns, Cleanup: 245612 ns, At safepoint: 7600 ns, Total: 267913 ns
[2025-01-22T15:49:53.546+0000][65][info ][safepoint   ] Safepoint "Cleanup", Time since last: 1000619892 ns, Reaching safepoint: 12101 ns, Cleanup: 263613 ns, At safepoint: 18400 ns, Total: 294114 ns
[2025-01-22T15:49:54.547+0000][65][info ][safepoint   ] Safepoint "Cleanup", Time since last: 1000608294 ns, Reaching safepoint: 10000 ns, Cleanup: 158108 ns, At safepoint: 4000 ns, Total: 172108 ns
[2025-01-22T15:49:55.548+0000][65][info ][safepoint   ] Safepoint "Cleanup", Time since last: 1000538190 ns, Reaching safepoint: 15300 ns, Cleanup: 224011 ns, At safepoint: 7400 ns, Total: 246711 ns
[2025-01-22T15:49:57.549+0000][65][info ][safepoint   ] Safepoint "Cleanup", Time since last: 2000828768 ns, Reaching safepoint: 12201 ns, Cleanup: 219610 ns, At safepoint: 12201 ns, Total: 244012 ns
[2025-01-22T15:49:59.550+0000][65][info ][safepoint   ] Safepoint "Cleanup", Time since last: 2000672660 ns, Reaching safepoint: 48502 ns, Cleanup: 401319 ns, At safepoint: 12501 ns, Total: 462322 ns
[2025-01-22T15:50:01.551+0000][65][info ][safepoint   ] Safepoint "Cleanup", Time since last: 2000924450 ns, Reaching safepoint: 12201 ns, Cleanup: 256111 ns, At safepoint: 8900 ns, Total: 277212 ns
[2025-01-22T15:50:02.551+0000][65][info ][safepoint   ] Safepoint "Cleanup", Time since last: 1000522907 ns, Reaching safepoint: 12100 ns, Cleanup: 284012 ns, At safepoint: 12801 ns, Total: 308913 ns
[2025-01-22T15:50:04.235+0000][65][info ][safepoint   ] Safepoint "Cleanup", Time since last: 1684664325 ns, Reaching safepoint: 4200 ns, Cleanup: 159907 ns, At safepoint: 16901 ns, Total: 181008 ns
[2025-01-22T15:50:05.507+0000][65][info ][safepoint   ] Safepoint "Cleanup", Time since last: 1271096286 ns, Reaching safepoint: 82703 ns, Cleanup: 151506 ns, At safepoint: 17401 ns, Total: 251610 ns
[2025-01-22T15:50:06.803+0000][65][info ][safepoint   ] Safepoint "Cleanup", Time since last: 1295747514 ns, Reaching safepoint: 25101 ns, Cleanup: 490820 ns, At safepoint: 14301 ns, Total: 530222 ns
[2025-01-22T15:50:09.805+0000][65][info ][safepoint   ] Safepoint "Cleanup", Time since last: 3001323275 ns, Reaching safepoint: 14801 ns, Cleanup: 205010 ns, At safepoint: 26902 ns, Total: 246713 ns
[2025-01-22T15:50:12.806+0000][65][info ][safepoint   ] Safepoint "Cleanup", Time since last: 3001148954 ns, Reaching safepoint: 22301 ns, Cleanup: 498925 ns, At safepoint: 14700 ns, Total: 535926 ns
[2025-01-22T15:50:15.808+0000][65][info ][safepoint   ] Safepoint "Cleanup", Time since last: 3001505872 ns, Reaching safepoint: 12501 ns, Cleanup: 245912 ns, At safepoint: 7200 ns, Total: 265613 ns
[2025-01-22T15:50:19.810+0000][65][info ][safepoint   ] Safepoint "Cleanup", Time since last: 4001639593 ns, Reaching safepoint: 25201 ns, Cleanup: 644032 ns, At safepoint: 17201 ns, Total: 686434 ns
[2025-01-22T15:50:22.812+0000][65][info ][safepoint   ] Safepoint "Cleanup", Time since last: 3001614248 ns, Reaching safepoint: 11500 ns, Cleanup: 206010 ns, At safepoint: 7301 ns, Total: 224811 ns
[2025-01-22T15:50:24.813+0000][65][info ][safepoint   ] Safepoint "Cleanup", Time since last: 2000805151 ns, Reaching safepoint: 16101 ns, Cleanup: 361118 ns, At safepoint: 33902 ns, Total: 411121 ns
[2025-01-22T15:50:27.816+0000][65][info ][safepoint   ] Safepoint "Cleanup", Time since last: 3001448090 ns, Reaching safepoint: 27001 ns, Cleanup: 760837 ns, At safepoint: 18001 ns, Total: 805839 ns
[2025-01-22T15:50:31.818+0000][65][info ][safepoint   ] Safepoint "Cleanup", Time since last: 4002040126 ns, Reaching safepoint: 31501 ns, Cleanup: 288914 ns, At safepoint: 11501 ns, Total: 331916 ns
[2025-01-22T15:50:32.816+0000][65][info ][safepoint   ] Safepoint "Cleanup", Time since last: 1000772968 ns, Reaching safepoint: 12801 ns, Cleanup: 261212 ns, At safepoint: 7401 ns, Total: 281414 ns
[2025-01-22T15:50:34.817+0000][65][info ][safepoint   ] Safepoint "Cleanup", Time since last: 2000748314 ns, Reaching safepoint: 11800 ns, Cleanup: 193705 ns, At safepoint: 6001 ns, Total: 211506 ns
[2025-01-22T15:50:37.818+0000][65][info ][safepoint   ] Safepoint "Cleanup", Time since last: 3000726335 ns, Reaching safepoint: 12801 ns, Cleanup: 189505 ns, At safepoint: 5500 ns, Total: 207806 ns
[2025-01-22T15:50:39.819+0000][65][info ][safepoint   ] Safepoint "Cleanup", Time since last: 2000547025 ns, Reaching safepoint: 11401 ns, Cleanup: 168204 ns, At safepoint: 5300 ns, Total: 184905 ns
[2025-01-22T15:50:42.820+0000][65][info ][safepoint   ] Safepoint "Cleanup", Time since last: 3000975224 ns, Reaching safepoint: 13403 ns, Cleanup: 204036 ns, At safepoint: 7601 ns, Total: 225040 ns
[2025-01-22T15:50:44.821+0000][65][info ][safepoint   ] Safepoint "Cleanup", Time since last: 2000629348 ns, Reaching safepoint: 30606 ns, Cleanup: 206436 ns, At safepoint: 12502 ns, Total: 249544 ns
[2025-01-22T15:50:57.824+0000][65][info ][safepoint   ] Safepoint "Cleanup", Time since last: 13003101498 ns, Reaching safepoint: 12703 ns, Cleanup: 167840 ns, At safepoint: 5802 ns, Total: 186345 ns
[2025-01-22T15:50:59.825+0000][65][info ][safepoint   ] Safepoint "Cleanup", Time since last: 2000611856 ns, Reaching safepoint: 11202 ns, Cleanup: 186145 ns, At safepoint: 4701 ns, Total: 202048 ns
[2025-01-22T15:51:01.826+0000][65][info ][safepoint   ] Safepoint "Cleanup", Time since last: 2000913928 ns, Reaching safepoint: 47612 ns, Cleanup: 430003 ns, At safepoint: 12303 ns, Total: 489918 ns
[2025-01-22T15:51:04.827+0000][65][info ][safepoint   ] Safepoint "Cleanup", Time since last: 3001337625 ns, Reaching safepoint: 25001 ns, Cleanup: 623333 ns, At safepoint: 17301 ns, Total: 665635 ns
[2025-01-22T15:51:06.829+0000][65][info ][safepoint   ] Safepoint "Cleanup", Time since last: 2001582342 ns, Reaching safepoint: 26702 ns, Cleanup: 693646 ns, At safepoint: 16201 ns, Total: 736549 ns
[2025-01-22T15:51:07.831+0000][65][info ][safepoint   ] Safepoint "Cleanup", Time since last: 1001265111 ns, Reaching safepoint: 26202 ns, Cleanup: 672945 ns, At safepoint: 16601 ns, Total: 715748 ns
[2025-01-22T15:51:09.833+0000][65][info ][safepoint   ] Safepoint "Cleanup", Time since last: 2001471553 ns, Reaching safepoint: 12000 ns, Cleanup: 213915 ns, At safepoint: 5800 ns, Total: 231715 ns
[2025-01-22T15:51:15.836+0000][65][info ][safepoint   ] Safepoint "Cleanup", Time since last: 6002020940 ns, Reaching safepoint: 77206 ns, Cleanup: 778362 ns, At safepoint: 19902 ns, Total: 875470 ns
[2025-01-22T15:51:16.837+0000][65][info ][safepoint   ] Safepoint "Cleanup", Time since last: 1001311849 ns, Reaching safepoint: 14101 ns, Cleanup: 170814 ns, At safepoint: 6900 ns, Total: 191815 ns
[2025-01-22T15:51:17.839+0000][65][info ][safepoint   ] Safepoint "Cleanup", Time since last: 1000790608 ns, Reaching safepoint: 27802 ns, Cleanup: 754261 ns, At safepoint: 18701 ns, Total: 800764 ns
[2025-01-22T15:51:19.841+0000][65][info ][safepoint   ] Safepoint "Cleanup", Time since last: 2001597317 ns, Reaching safepoint: 28202 ns, Cleanup: 727258 ns, At safepoint: 19502 ns, Total: 774962 ns
[2025-01-22T15:51:20.843+0000][65][info ][safepoint   ] Safepoint "Cleanup", Time since last: 1001353753 ns, Reaching safepoint: 10501 ns, Cleanup: 210716 ns, At safepoint: 10601 ns, Total: 231818 ns
[2025-01-22T15:51:22.844+0000][65][info ][safepoint   ] Safepoint "Cleanup", Time since last: 2000959707 ns, Reaching safepoint: 26802 ns, Cleanup: 674343 ns, At safepoint: 16401 ns, Total: 717546 ns
[2025-01-22T15:51:27.846+0000][65][info ][safepoint   ] Safepoint "Cleanup", Time since last: 5001738112 ns, Reaching safepoint: 35903 ns, Cleanup: 208913 ns, At safepoint: 6400 ns, Total: 251216 ns
[2025-01-22T15:51:32.846+0000][65][info ][safepoint   ] Safepoint "Cleanup", Time since last: 5001334796 ns, Reaching safepoint: 63203 ns, Cleanup: 277717 ns, At safepoint: 17201 ns, Total: 358121 ns
[2025-01-22T15:51:39.849+0000][65][info ][safepoint   ] Safepoint "Cleanup", Time since last: 7002352427 ns, Reaching safepoint: 23401 ns, Cleanup: 304020 ns, At safepoint: 8501 ns, Total: 335922 ns
[2025-01-22T15:51:40.850+0000][65][info ][safepoint   ] Safepoint "Cleanup", Time since last: 1000837974 ns, Reaching safepoint: 12000 ns, Cleanup: 198314 ns, At safepoint: 6000 ns, Total: 216314 ns
[2025-01-22T15:51:42.851+0000][65][info ][safepoint   ] Safepoint "Cleanup", Time since last: 2000813590 ns, Reaching safepoint: 14001 ns, Cleanup: 259917 ns, At safepoint: 7500 ns, Total: 281418 ns
[2025-01-22T15:51:44.853+0000][65][info ][safepoint   ] Safepoint "Cleanup", Time since last: 2001176314 ns, Reaching safepoint: 26502 ns, Cleanup: 676945 ns, At safepoint: 17901 ns, Total: 721348 ns
[2025-01-22T15:51:45.855+0000][65][info ][safepoint   ] Safepoint "Cleanup", Time since last: 1001273114 ns, Reaching safepoint: 80005 ns, Cleanup: 722152 ns, At safepoint: 17201 ns, Total: 819358 ns
[2025-01-22T15:51:49.858+0000][65][info ][safepoint   ] Safepoint "Cleanup", Time since last: 4002412486 ns, Reaching safepoint: 79606 ns, Cleanup: 878863 ns, At safepoint: 19201 ns, Total: 977670 ns
[2025-01-22T15:52:04.863+0000][65][info ][safepoint   ] Safepoint "Cleanup", Time since last: 15005216242 ns, Reaching safepoint: 85303 ns, Cleanup: 1003239 ns, At safepoint: 35201 ns, Total: 1123743 ns
[2025-01-22T15:52:09.867+0000][65][info ][safepoint   ] Safepoint "Cleanup", Time since last: 5002523673 ns, Reaching safepoint: 28202 ns, Cleanup: 796855 ns, At safepoint: 20401 ns, Total: 845458 ns
[2025-01-22T15:52:14.870+0000][65][info ][safepoint   ] Safepoint "Cleanup", Time since last: 5002140959 ns, Reaching safepoint: 27402 ns, Cleanup: 745251 ns, At safepoint: 18501 ns, Total: 791154 ns
[2025-01-22T15:52:17.872+0000][65][info ][safepoint   ] Safepoint "Cleanup", Time since last: 3001911882 ns, Reaching safepoint: 101106 ns, Cleanup: 734645 ns, At safepoint: 19001 ns, Total: 854752 ns
[2025-01-22T15:52:19.875+0000][65][info ][safepoint   ] Safepoint "Cleanup", Time since last: 2001695988 ns, Reaching safepoint: 28702 ns, Cleanup: 910055 ns, At safepoint: 19401 ns, Total: 958158 ns
[2025-01-22T15:52:24.879+0000][65][info ][safepoint   ] Safepoint "Cleanup", Time since last: 5002684375 ns, Reaching safepoint: 26802 ns, Cleanup: 771347 ns, At safepoint: 17201 ns, Total: 815350 ns
[2025-01-22T15:52:27.881+0000][65][info ][safepoint   ] Safepoint "Cleanup", Time since last: 3002158076 ns, Reaching safepoint: 14500 ns, Cleanup: 339409 ns, At safepoint: 9301 ns, Total: 363210 ns
[2025-01-22T15:52:29.883+0000][65][info ][safepoint   ] Safepoint "Cleanup", Time since last: 2001177783 ns, Reaching safepoint: 28900 ns, Cleanup: 766521 ns, At safepoint: 20001 ns, Total: 815422 ns
[2025-01-22T15:52:32.883+0000][65][info ][safepoint   ] Safepoint "Cleanup", Time since last: 3001998480 ns, Reaching safepoint: 77302 ns, Cleanup: 746720 ns, At safepoint: 18401 ns, Total: 842423 ns
[2025-01-22T15:52:34.885+0000][65][info ][safepoint   ] Safepoint "Cleanup", Time since last: 2001420442 ns, Reaching safepoint: 25900 ns, Cleanup: 679504 ns, At safepoint: 16601 ns, Total: 722005 ns
[2025-01-22T15:52:39.888+0000][65][info ][safepoint   ] Safepoint "Cleanup", Time since last: 5002380887 ns, Reaching safepoint: 11401 ns, Cleanup: 244013 ns, At safepoint: 5400 ns, Total: 260814 ns
[2025-01-22T15:52:42.890+0000][65][info ][safepoint   ] Safepoint "Cleanup", Time since last: 3001419480 ns, Reaching safepoint: 27707 ns, Cleanup: 745178 ns, At safepoint: 19605 ns, Total: 792490 ns
[2025-01-22T15:52:44.893+0000][65][info ][safepoint   ] Safepoint "Cleanup", Time since last: 2001789557 ns, Reaching safepoint: 30608 ns, Cleanup: 740677 ns, At safepoint: 19404 ns, Total: 790689 ns
[2025-01-22T15:52:45.895+0000][65][info ][safepoint   ] Safepoint "Cleanup", Time since last: 1001650460 ns, Reaching safepoint: 29107 ns, Cleanup: 794490 ns, At safepoint: 21305 ns, Total: 844902 ns
[2025-01-22T15:53:02.900+0000][65][info ][safepoint   ] Safepoint "Cleanup", Time since last: 17005762273 ns, Reaching safepoint: 33802 ns, Cleanup: 235016 ns, At safepoint: 13301 ns, Total: 282119 ns
[2025-01-22T15:53:05.901+0000][65][info ][safepoint   ] Safepoint "Cleanup", Time since last: 3001221375 ns, Reaching safepoint: 14001 ns, Cleanup: 256617 ns, At safepoint: 7001 ns, Total: 277619 ns
[2025-01-22T15:53:09.904+0000][65][info ][safepoint   ] Safepoint "Cleanup", Time since last: 4001515800 ns, Reaching safepoint: 28802 ns, Cleanup: 800055 ns, At safepoint: 26502 ns, Total: 855359 ns
[2025-01-22T15:53:12.906+0000][65][info ][safepoint   ] Safepoint "Cleanup", Time since last: 3001895828 ns, Reaching safepoint: 28302 ns, Cleanup: 963966 ns, At safepoint: 30202 ns, Total: 1022470 ns
[2025-01-22T15:53:18.909+0000][65][info ][safepoint   ] Safepoint "Cleanup", Time since last: 6002651885 ns, Reaching safepoint: 28102 ns, Cleanup: 186313 ns, At safepoint: 26602 ns, Total: 241017 ns
[2025-01-22T15:53:22.911+0000][65][info ][safepoint   ] Safepoint "Cleanup", Time since last: 4001321887 ns, Reaching safepoint: 16701 ns, Cleanup: 333623 ns, At safepoint: 8301 ns, Total: 358625 ns
[2025-01-22T15:53:24.913+0000][65][info ][safepoint   ] Safepoint "Cleanup", Time since last: 2001043563 ns, Reaching safepoint: 28302 ns, Cleanup: 761052 ns, At safepoint: 18201 ns, Total: 807555 ns
[2025-01-22T15:53:31.916+0000][65][info ][safepoint   ] Safepoint "Cleanup", Time since last: 7002217620 ns, Reaching safepoint: 28202 ns, Cleanup: 777842 ns, At safepoint: 18201 ns, Total: 824245 ns
[2025-01-22T15:53:32.915+0000][65][info ][safepoint   ] Safepoint "Cleanup", Time since last: 1001272624 ns, Reaching safepoint: 16501 ns, Cleanup: 287815 ns, At safepoint: 9501 ns, Total: 313817 ns
[2025-01-22T15:53:38.918+0000][65][info ][safepoint   ] Safepoint "Cleanup", Time since last: 6001743026 ns, Reaching safepoint: 85806 ns, Cleanup: 768748 ns, At safepoint: 20101 ns, Total: 874655 ns
[2025-01-22T15:53:39.920+0000][65][info ][safepoint   ] Safepoint "Cleanup", Time since last: 1001465291 ns, Reaching safepoint: 29102 ns, Cleanup: 811851 ns, At safepoint: 19701 ns, Total: 860654 ns
[2025-01-22T15:53:42.922+0000][65][info ][safepoint   ] Safepoint "Cleanup", Time since last: 3001905516 ns, Reaching safepoint: 112307 ns, Cleanup: 231314 ns, At safepoint: 6501 ns, Total: 350122 ns
[2025-01-22T15:53:44.924+0000][65][info ][safepoint   ] Safepoint "Cleanup", Time since last: 2001090266 ns, Reaching safepoint: 12100 ns, Cleanup: 217514 ns, At safepoint: 5900 ns, Total: 235514 ns
[2025-01-22T15:53:45.925+0000][65][info ][safepoint   ] Safepoint "Cleanup", Time since last: 1000789835 ns, Reaching safepoint: 28602 ns, Cleanup: 879258 ns, At safepoint: 23701 ns, Total: 931561 ns
[2025-01-22T15:53:47.928+0000][65][info ][safepoint   ] Safepoint "Cleanup", Time since last: 2001487736 ns, Reaching safepoint: 28202 ns, Cleanup: 796752 ns, At safepoint: 20501 ns, Total: 845455 ns
[2025-01-22T15:53:52.931+0000][65][info ][safepoint   ] Safepoint "Cleanup", Time since last: 5002560063 ns, Reaching safepoint: 79006 ns, Cleanup: 799752 ns, At safepoint: 17301 ns, Total: 896059 ns
[2025-01-22T15:53:54.934+0000][65][info ][safepoint   ] Safepoint "Cleanup", Time since last: 2001623014 ns, Reaching safepoint: 28702 ns, Cleanup: 771451 ns, At safepoint: 18801 ns, Total: 818954 ns
[2025-01-22T15:53:55.935+0000][65][info ][safepoint   ] Safepoint "Cleanup", Time since last: 1001376844 ns, Reaching safepoint: 12201 ns, Cleanup: 169911 ns, At safepoint: 5700 ns, Total: 187812 ns
[2025-01-22T15:53:57.937+0000][65][info ][safepoint   ] Safepoint "Cleanup", Time since last: 2000943668 ns, Reaching safepoint: 28502 ns, Cleanup: 786652 ns, At safepoint: 18701 ns, Total: 833855 ns
[2025-01-22T15:53:59.939+0000][65][info ][safepoint   ] Safepoint "Cleanup", Time since last: 2001564109 ns, Reaching safepoint: 11501 ns, Cleanup: 274818 ns, At safepoint: 10701 ns, Total: 297020 ns
[2025-01-22T15:54:02.938+0000][65][info ][safepoint   ] Safepoint "Cleanup", Time since last: 3001239952 ns, Reaching safepoint: 11701 ns, Cleanup: 217914 ns, At safepoint: 4200 ns, Total: 233815 ns
[2025-01-22T15:54:04.940+0000][65][info ][safepoint   ] Safepoint "Cleanup", Time since last: 2001110074 ns, Reaching safepoint: 84705 ns, Cleanup: 1063569 ns, At safepoint: 48703 ns, Total: 1196977 ns
[2025-01-22T15:54:09.943+0000][65][info ][safepoint   ] Safepoint "Cleanup", Time since last: 5002659105 ns, Reaching safepoint: 11401 ns, Cleanup: 313622 ns, At safepoint: 12700 ns, Total: 337723 ns
[2025-01-22T15:54:13.946+0000][65][info ][safepoint   ] Safepoint "Cleanup", Time since last: 4001385880 ns, Reaching safepoint: 29002 ns, Cleanup: 775053 ns, At safepoint: 18401 ns, Total: 822456 ns
[2025-01-22T15:54:14.948+0000][65][info ][safepoint   ] Safepoint "Cleanup", Time since last: 1001528402 ns, Reaching safepoint: 28702 ns, Cleanup: 581140 ns, At safepoint: 16301 ns, Total: 626143 ns
[2025-01-22T15:54:18.950+0000][65][info ][safepoint   ] Safepoint "Cleanup", Time since last: 4001761659 ns, Reaching safepoint: 11400 ns, Cleanup: 187715 ns, At safepoint: 5800 ns, Total: 204915 ns
[2025-01-22T15:54:22.951+0000][65][info ][safepoint   ] Safepoint "Cleanup", Time since last: 4001440370 ns, Reaching safepoint: 28402 ns, Cleanup: 180214 ns, At safepoint: 4800 ns, Total: 213416 ns
[2025-01-22T15:54:28.954+0000][65][info ][safepoint   ] Safepoint "Cleanup", Time since last: 6001815367 ns, Reaching safepoint: 23002 ns, Cleanup: 563740 ns, At safepoint: 15101 ns, Total: 601843 ns
[2025-01-22T15:54:29.956+0000][65][info ][safepoint   ] Safepoint "Cleanup", Time since last: 1001181895 ns, Reaching safepoint: 28202 ns, Cleanup: 851961 ns, At safepoint: 19102 ns, Total: 899265 ns
[2025-01-22T15:54:31.958+0000][65][info ][safepoint   ] Safepoint "Cleanup", Time since last: 2001707642 ns, Reaching safepoint: 12300 ns, Cleanup: 354526 ns, At safepoint: 14801 ns, Total: 381627 ns
[2025-01-22T15:54:32.957+0000][65][info ][safepoint   ] Safepoint "Cleanup", Time since last: 1000646556 ns, Reaching safepoint: 11800 ns, Cleanup: 187314 ns, At safepoint: 5600 ns, Total: 204714 ns
[2025-01-22T15:54:34.958+0000][65][info ][safepoint   ] Safepoint "Cleanup", Time since last: 2000883956 ns, Reaching safepoint: 41502 ns, Cleanup: 349024 ns, At safepoint: 17201 ns, Total: 407727 ns
[2025-01-22T15:54:37.960+0000][65][info ][safepoint   ] Safepoint "Cleanup", Time since last: 3001701179 ns, Reaching safepoint: 27602 ns, Cleanup: 679746 ns, At safepoint: 16701 ns, Total: 724049 ns
[2025-01-22T15:55:04.965+0000][65][info ][safepoint   ] Safepoint "Cleanup", Time since last: 27006258867 ns, Reaching safepoint: 35102 ns, Cleanup: 324923 ns, At safepoint: 10601 ns, Total: 370626 ns
[2025-01-22T15:55:06.967+0000][65][info ][safepoint   ] Safepoint "Cleanup", Time since last: 2001117853 ns, Reaching safepoint: 15701 ns, Cleanup: 338923 ns, At safepoint: 8801 ns, Total: 363425 ns
[2025-01-22T15:55:07.968+0000][65][info ][safepoint   ] Safepoint "Cleanup", Time since last: 1001035033 ns, Reaching safepoint: 11701 ns, Cleanup: 178312 ns, At safepoint: 5701 ns, Total: 195714 ns
[2025-01-22T15:55:09.969+0000][65][info ][safepoint   ] Safepoint "Cleanup", Time since last: 2000816678 ns, Reaching safepoint: 17101 ns, Cleanup: 348825 ns, At safepoint: 10300 ns, Total: 376226 ns
[2025-01-22T15:55:15.972+0000][65][info ][safepoint   ] Safepoint "Cleanup", Time since last: 6002236751 ns, Reaching safepoint: 12400 ns, Cleanup: 214415 ns, At safepoint: 5201 ns, Total: 232016 ns
[2025-01-22T15:55:24.974+0000][65][info ][safepoint   ] Safepoint "Cleanup", Time since last: 9002107550 ns, Reaching safepoint: 27702 ns, Cleanup: 162811 ns, At safepoint: 5200 ns, Total: 195713 ns
[2025-01-22T15:55:29.976+0000][65][info ][safepoint   ] Safepoint "Cleanup", Time since last: 5001398259 ns, Reaching safepoint: 11101 ns, Cleanup: 191510 ns, At safepoint: 5700 ns, Total: 208311 ns
[2025-01-22T15:55:37.977+0000][65][info ][safepoint   ] Safepoint "Cleanup", Time since last: 8002319795 ns, Reaching safepoint: 93206 ns, Cleanup: 681645 ns, At safepoint: 16201 ns, Total: 791052 ns
[2025-01-22T15:55:39.979+0000][65][info ][safepoint   ] Safepoint "Cleanup", Time since last: 2001391912 ns, Reaching safepoint: 27002 ns, Cleanup: 950863 ns, At safepoint: 31702 ns, Total: 1009567 ns
[2025-01-22T15:55:40.981+0000][65][info ][safepoint   ] Safepoint "Cleanup", Time since last: 1001228741 ns, Reaching safepoint: 15701 ns, Cleanup: 309921 ns, At safepoint: 7900 ns, Total: 333522 ns
[2025-01-22T15:55:42.982+0000][65][info ][safepoint   ] Safepoint "Cleanup", Time since last: 2000968484 ns, Reaching safepoint: 11801 ns, Cleanup: 198013 ns, At safepoint: 7200 ns, Total: 217014 ns
[2025-01-22T15:55:45.984+0000][65][info ][safepoint   ] Safepoint "Cleanup", Time since last: 3001284158 ns, Reaching safepoint: 28802 ns, Cleanup: 768052 ns, At safepoint: 18401 ns, Total: 815255 ns
[2025-01-22T15:55:47.986+0000][65][info ][safepoint   ] Safepoint "Cleanup", Time since last: 2001906482 ns, Reaching safepoint: 11601 ns, Cleanup: 201313 ns, At safepoint: 6701 ns, Total: 219615 ns
[2025-01-22T15:55:49.988+0000][65][info ][safepoint   ] Safepoint "Cleanup", Time since last: 2001114028 ns, Reaching safepoint: 28702 ns, Cleanup: 989967 ns, At safepoint: 32902 ns, Total: 1051571 ns
[2025-01-22T15:55:52.991+0000][65][info ][safepoint   ] Safepoint "Cleanup", Time since last: 3001816152 ns, Reaching safepoint: 81505 ns, Cleanup: 1049571 ns, At safepoint: 33302 ns, Total: 1164378 ns
[2025-01-22T15:55:59.994+0000][65][info ][safepoint   ] Safepoint "Cleanup", Time since last: 7002307857 ns, Reaching safepoint: 12301 ns, Cleanup: 192313 ns, At safepoint: 5200 ns, Total: 209814 ns
[2025-01-22T15:56:09.994+0000][65][info ][safepoint   ] Safepoint "Cleanup", Time since last: 10002336788 ns, Reaching safepoint: 41103 ns, Cleanup: 328022 ns, At safepoint: 8101 ns, Total: 377226 ns
[2025-01-22T15:56:12.995+0000][65][info ][safepoint   ] Safepoint "Cleanup", Time since last: 3001232394 ns, Reaching safepoint: 11100 ns, Cleanup: 198014 ns, At safepoint: 5100 ns, Total: 214214 ns
[2025-01-22T15:56:14.997+0000][65][info ][safepoint   ] Safepoint "Cleanup", Time since last: 2000919003 ns, Reaching safepoint: 85006 ns, Cleanup: 742751 ns, At safepoint: 19301 ns, Total: 847058 ns
[2025-01-22T15:56:15.999+0000][65][info ][safepoint   ] Safepoint "Cleanup", Time since last: 1001553577 ns, Reaching safepoint: 27001 ns, Cleanup: 672847 ns, At safepoint: 16401 ns, Total: 716249 ns
[2025-01-22T15:56:18.001+0000][65][info ][safepoint   ] Safepoint "Cleanup", Time since last: 2001695915 ns, Reaching safepoint: 14201 ns, Cleanup: 222816 ns, At safepoint: 10901 ns, Total: 247918 ns
[2025-01-22T15:56:45.005+0000][65][info ][safepoint   ] Safepoint "Cleanup", Time since last: 27005811797 ns, Reaching safepoint: 29103 ns, Cleanup: 203419 ns, At safepoint: 6600 ns, Total: 239122 ns
[2025-01-22T15:56:52.007+0000][65][info ][safepoint   ] Safepoint "Cleanup", Time since last: 7002001740 ns, Reaching safepoint: 12001 ns, Cleanup: 202918 ns, At safepoint: 6000 ns, Total: 220919 ns
[2025-01-22T15:56:58.009+0000][65][info ][safepoint   ] Safepoint "Cleanup", Time since last: 6001786951 ns, Reaching safepoint: 33603 ns, Cleanup: 208215 ns, At safepoint: 7500 ns, Total: 249318 ns
[2025-01-22T15:57:03.010+0000][65][info ][safepoint   ] Safepoint "Cleanup", Time since last: 5001308035 ns, Reaching safepoint: 17602 ns, Cleanup: 593142 ns, At safepoint: 25602 ns, Total: 636346 ns
[2025-01-22T15:57:05.012+0000][65][info ][safepoint   ] Safepoint "Cleanup", Time since last: 2001218084 ns, Reaching safepoint: 27502 ns, Cleanup: 686150 ns, At safepoint: 18101 ns, Total: 731753 ns
[2025-01-22T15:57:10.015+0000][65][info ][safepoint   ] Safepoint "Cleanup", Time since last: 5002110368 ns, Reaching safepoint: 187314 ns, Cleanup: 628044 ns, At safepoint: 15102 ns, Total: 830460 ns
[2025-01-22T15:57:13.017+0000][65][info ][safepoint   ] Safepoint "Cleanup", Time since last: 3001785191 ns, Reaching safepoint: 12401 ns, Cleanup: 243818 ns, At safepoint: 6300 ns, Total: 262519 ns
[2025-01-22T15:57:16.018+0000][65][info ][safepoint   ] Safepoint "Cleanup", Time since last: 3000908533 ns, Reaching safepoint: 23002 ns, Cleanup: 200014 ns, At safepoint: 9401 ns, Total: 232417 ns
[2025-01-22T15:57:25.020+0000][65][info ][safepoint   ] Safepoint "Cleanup", Time since last: 9001837662 ns, Reaching safepoint: 29302 ns, Cleanup: 171312 ns, At safepoint: 4601 ns, Total: 205215 ns
[2025-01-22T15:57:28.021+0000][65][info ][safepoint   ] Safepoint "Cleanup", Time since last: 3001087888 ns, Reaching safepoint: 13800 ns, Cleanup: 243217 ns, At safepoint: 6601 ns, Total: 263618 ns
[2025-01-22T15:57:40.021+0000][65][info ][safepoint   ] Safepoint "Cleanup", Time since last: 12002719143 ns, Reaching safepoint: 28902 ns, Cleanup: 256718 ns, At safepoint: 9000 ns, Total: 294620 ns
[2025-01-22T15:57:43.022+0000][65][info ][safepoint   ] Safepoint "Cleanup", Time since last: 3000811217 ns, Reaching safepoint: 12801 ns, Cleanup: 202314 ns, At safepoint: 20501 ns, Total: 235616 ns
[2025-01-22T15:57:48.024+0000][65][info ][safepoint   ] Safepoint "Cleanup", Time since last: 5001255608 ns, Reaching safepoint: 13001 ns, Cleanup: 285420 ns, At safepoint: 12301 ns, Total: 310722 ns
[2025-01-22T15:57:50.025+0000][65][info ][safepoint   ] Safepoint "Cleanup", Time since last: 2000702981 ns, Reaching safepoint: 13001 ns, Cleanup: 171412 ns, At safepoint: 5400 ns, Total: 189813 ns
[2025-01-22T15:57:52.166+0000][65][info ][gc,start    ] GC(17) Pause Young (Prepare Mixed) (G1 Evacuation Pause)
[2025-01-22T15:57:52.167+0000][65][info ][gc,task     ] GC(17) Using 10 workers of 10 for evacuation
[2025-01-22T15:57:52.167+0000][65][debug][gc,age      ] GC(17) Desired survivor size 20971520 bytes, new threshold 3 (max threshold 15)
[2025-01-22T15:57:52.183+0000][65][info ][gc,phases   ] GC(17)   Pre Evacuate Collection Set: 0.3ms
[2025-01-22T15:57:52.184+0000][65][info ][gc,phases   ] GC(17)   Merge Heap Roots: 0.2ms
[2025-01-22T15:57:52.184+0000][65][info ][gc,phases   ] GC(17)   Evacuate Collection Set: 12.3ms
[2025-01-22T15:57:52.184+0000][65][info ][gc,phases   ] GC(17)   Post Evacuate Collection Set: 2.9ms
[2025-01-22T15:57:52.185+0000][65][info ][gc,phases   ] GC(17)   Other: 0.8ms
[2025-01-22T15:57:52.185+0000][65][trace][gc,age      ] GC(17) Age table with threshold 3 (max threshold 15)
[2025-01-22T15:57:52.185+0000][65][trace][gc,age      ] GC(17) - age   1:    9725576 bytes,    9725576 total
[2025-01-22T15:57:52.186+0000][65][trace][gc,age      ] GC(17) - age   2:   12837328 bytes,   22562904 total
[2025-01-22T15:57:52.186+0000][65][trace][gc,age      ] GC(17) - age   3:    2342072 bytes,   24904976 total
[2025-01-22T15:57:52.186+0000][65][info ][gc,heap     ] GC(17) Eden regions: 69->0(69)
[2025-01-22T15:57:52.187+0000][65][info ][gc,heap     ] GC(17) Survivor regions: 7->7(10)
[2025-01-22T15:57:52.187+0000][65][info ][gc,heap     ] GC(17) Old regions: 13->15
[2025-01-22T15:57:52.187+0000][65][info ][gc,heap     ] GC(17) Archive regions: 2->2
[2025-01-22T15:57:52.187+0000][65][info ][gc,heap     ] GC(17) Humongous regions: 0->0
[2025-01-22T15:57:52.188+0000][65][info ][gc,metaspace] GC(17) Metaspace: 117516K(120768K)->117516K(120768K) NonClass: 101470K(103168K)->101470K(103168K) Class: 16046K(17600K)->16046K(17600K)
[2025-01-22T15:57:52.188+0000][65][info ][gc          ] GC(17) Pause Young (Prepare Mixed) (G1 Evacuation Pause) 354M->88M(512M) 21.651ms
[2025-01-22T15:57:52.188+0000][65][info ][gc,cpu      ] GC(17) User=0.11s Sys=0.01s Real=0.02s
[2025-01-22T15:57:52.188+0000][65][info ][safepoint   ] Safepoint "G1CollectForAllocation", Time since last: 2141142654 ns, Reaching safepoint: 9100 ns, Cleanup: 275119 ns, At safepoint: 22144725 ns, Total: 22428944 ns
[2025-01-22T15:57:53.189+0000][65][info ][safepoint   ] Safepoint "Cleanup", Time since last: 1000349391 ns, Reaching safepoint: 12401 ns, Cleanup: 201713 ns, At safepoint: 6101 ns, Total: 220215 ns
[2025-01-22T15:58:00.190+0000][65][info ][safepoint   ] Safepoint "Cleanup", Time since last: 7001281819 ns, Reaching safepoint: 45703 ns, Cleanup: 209814 ns, At safepoint: 15001 ns, Total: 270518 ns
[2025-01-22T15:58:07.191+0000][65][info ][safepoint   ] Safepoint "Cleanup", Time since last: 7001452483 ns, Reaching safepoint: 29102 ns, Cleanup: 251418 ns, At safepoint: 11901 ns, Total: 292421 ns
[2025-01-22T15:58:09.192+0000][65][info ][safepoint   ] Safepoint "Cleanup", Time since last: 2000681849 ns, Reaching safepoint: 14901 ns, Cleanup: 252418 ns, At safepoint: 15401 ns, Total: 282720 ns
[2025-01-22T15:58:15.194+0000][65][info ][safepoint   ] Safepoint "Cleanup", Time since last: 6001358955 ns, Reaching safepoint: 29602 ns, Cleanup: 239517 ns, At safepoint: 4400 ns, Total: 273519 ns
[2025-01-22T15:58:16.195+0000][65][info ][safepoint   ] Safepoint "Cleanup", Time since last: 1000543647 ns, Reaching safepoint: 12301 ns, Cleanup: 232716 ns, At safepoint: 5801 ns, Total: 250818 ns
[2025-01-22T15:58:22.191+0000][65][info ][safepoint   ] Safepoint "Cleanup", Time since last: 5996396911 ns, Reaching safepoint: 4601 ns, Cleanup: 183412 ns, At safepoint: 24502 ns, Total: 212515 ns
[2025-01-22T15:58:23.192+0000][65][info ][safepoint   ] Safepoint "Cleanup", Time since last: 1000501562 ns, Reaching safepoint: 15801 ns, Cleanup: 277820 ns, At safepoint: 14901 ns, Total: 308522 ns
[2025-01-22T15:58:24.193+0000][65][info ][safepoint   ] Safepoint "Cleanup", Time since last: 1000646772 ns, Reaching safepoint: 12901 ns, Cleanup: 203414 ns, At safepoint: 5900 ns, Total: 222215 ns
[2025-01-22T15:58:25.194+0000][65][info ][safepoint   ] Safepoint "Cleanup", Time since last: 1000566567 ns, Reaching safepoint: 13601 ns, Cleanup: 200714 ns, At safepoint: 6301 ns, Total: 220616 ns
[2025-01-22T15:58:27.195+0000][65][info ][safepoint   ] Safepoint "Cleanup", Time since last: 2000752353 ns, Reaching safepoint: 160111 ns, Cleanup: 190713 ns, At safepoint: 40802 ns, Total: 391626 ns
[2025-01-22T15:58:30.196+0000][65][info ][safepoint   ] Safepoint "Cleanup", Time since last: 3000769964 ns, Reaching safepoint: 11901 ns, Cleanup: 282819 ns, At safepoint: 12401 ns, Total: 307121 ns
[2025-01-22T15:58:32.197+0000][65][info ][safepoint   ] Safepoint "Cleanup", Time since last: 2000797995 ns, Reaching safepoint: 8200 ns, Cleanup: 338223 ns, At safepoint: 31502 ns, Total: 377925 ns
[2025-01-22T15:58:35.196+0000][65][info ][safepoint   ] Safepoint "Cleanup", Time since last: 3000820623 ns, Reaching safepoint: 24501 ns, Cleanup: 172812 ns, At safepoint: 4701 ns, Total: 202014 ns
[2025-01-22T15:58:38.197+0000][65][info ][safepoint   ] Safepoint "Cleanup", Time since last: 3000905381 ns, Reaching safepoint: 13201 ns, Cleanup: 180912 ns, At safepoint: 5601 ns, Total: 199714 ns
[2025-01-22T15:58:39.198+0000][65][info ][safepoint   ] Safepoint "Cleanup", Time since last: 1000528642 ns, Reaching safepoint: 14601 ns, Cleanup: 331323 ns, At safepoint: 14301 ns, Total: 360225 ns
[2025-01-22T15:58:40.199+0000][65][info ][safepoint   ] Safepoint "Cleanup", Time since last: 1000500541 ns, Reaching safepoint: 12000 ns, Cleanup: 186613 ns, At safepoint: 6701 ns, Total: 205314 ns
[2025-01-22T15:58:43.200+0000][65][info ][safepoint   ] Safepoint "Cleanup", Time since last: 3000878114 ns, Reaching safepoint: 31603 ns, Cleanup: 202614 ns, At safepoint: 4900 ns, Total: 239117 ns
[2025-01-22T15:58:45.201+0000][65][info ][safepoint   ] Safepoint "Cleanup", Time since last: 2000677997 ns, Reaching safepoint: 12601 ns, Cleanup: 186113 ns, At safepoint: 5700 ns, Total: 204414 ns
[2025-01-22T15:58:53.202+0000][65][info ][safepoint   ] Safepoint "Cleanup", Time since last: 8001638245 ns, Reaching safepoint: 14201 ns, Cleanup: 186513 ns, At safepoint: 6701 ns, Total: 207415 ns
[2025-01-22T15:59:09.204+0000][65][info ][safepoint   ] Safepoint "Cleanup", Time since last: 16003048973 ns, Reaching safepoint: 37403 ns, Cleanup: 218314 ns, At safepoint: 6801 ns, Total: 262518 ns
[2025-01-22T15:59:16.206+0000][65][info ][safepoint   ] Safepoint "Cleanup", Time since last: 7001593039 ns, Reaching safepoint: 11701 ns, Cleanup: 272718 ns, At safepoint: 10001 ns, Total: 294420 ns
[2025-01-22T15:59:18.207+0000][65][info ][safepoint   ] Safepoint "Cleanup", Time since last: 2000604323 ns, Reaching safepoint: 12900 ns, Cleanup: 191914 ns, At safepoint: 7200 ns, Total: 212014 ns
[2025-01-22T15:59:22.208+0000][65][info ][safepoint   ] Safepoint "Cleanup", Time since last: 4000870157 ns, Reaching safepoint: 12700 ns, Cleanup: 355724 ns, At safepoint: 16602 ns, Total: 385026 ns
[2025-01-22T15:59:28.210+0000][65][info ][safepoint   ] Safepoint "Cleanup", Time since last: 6001393467 ns, Reaching safepoint: 53904 ns, Cleanup: 206614 ns, At safepoint: 6900 ns, Total: 267418 ns
[2025-01-22T15:59:46.211+0000][65][info ][safepoint   ] Safepoint "Cleanup", Time since last: 18003791648 ns, Reaching safepoint: 54204 ns, Cleanup: 415229 ns, At safepoint: 11400 ns, Total: 480833 ns
[2025-01-22T16:00:13.215+0000][65][info ][safepoint   ] Safepoint "Cleanup", Time since last: 27005116650 ns, Reaching safepoint: 31102 ns, Cleanup: 190113 ns, At safepoint: 8201 ns, Total: 229416 ns
[2025-01-22T16:00:50.221+0000][65][info ][safepoint   ] Safepoint "Cleanup", Time since last: 37007238442 ns, Reaching safepoint: 44903 ns, Cleanup: 262218 ns, At safepoint: 10101 ns, Total: 317222 ns
[2025-01-22T16:00:53.223+0000][65][info ][safepoint   ] Safepoint "Cleanup", Time since last: 3001377740 ns, Reaching safepoint: 39302 ns, Cleanup: 896861 ns, At safepoint: 22102 ns, Total: 958265 ns
[2025-01-22T16:01:09.226+0000][65][info ][safepoint   ] Safepoint "Cleanup", Time since last: 16003867991 ns, Reaching safepoint: 80906 ns, Cleanup: 1035765 ns, At safepoint: 36702 ns, Total: 1153373 ns
[2025-01-22T16:01:16.228+0000][65][info ][safepoint   ] Safepoint "Cleanup", Time since last: 7002235007 ns, Reaching safepoint: 31302 ns, Cleanup: 203113 ns, At safepoint: 5601 ns, Total: 240016 ns
[2025-01-22T16:01:18.229+0000][65][info ][safepoint   ] Safepoint "Cleanup", Time since last: 2000678858 ns, Reaching safepoint: 17101 ns, Cleanup: 238717 ns, At safepoint: 6100 ns, Total: 261918 ns
[2025-01-22T16:01:23.231+0000][65][info ][safepoint   ] Safepoint "Cleanup", Time since last: 5001288108 ns, Reaching safepoint: 12901 ns, Cleanup: 273618 ns, At safepoint: 23902 ns, Total: 310421 ns
[2025-01-22T16:01:25.232+0000][65][info ][safepoint   ] Safepoint "Cleanup", Time since last: 2000849065 ns, Reaching safepoint: 11501 ns, Cleanup: 266218 ns, At safepoint: 10901 ns, Total: 288620 ns
[2025-01-22T16:01:35.232+0000][65][info ][safepoint   ] Safepoint "Cleanup", Time since last: 10002794739 ns, Reaching safepoint: 34402 ns, Cleanup: 250217 ns, At safepoint: 6200 ns, Total: 290819 ns
[2025-01-22T16:01:39.235+0000][65][info ][safepoint   ] Safepoint "Cleanup", Time since last: 4001600179 ns, Reaching safepoint: 23201 ns, Cleanup: 968465 ns, At safepoint: 30103 ns, Total: 1021769 ns
[2025-01-22T16:01:40.237+0000][65][info ][safepoint   ] Safepoint "Cleanup", Time since last: 1001429393 ns, Reaching safepoint: 28302 ns, Cleanup: 998367 ns, At safepoint: 35303 ns, Total: 1061972 ns
[2025-01-22T16:01:43.240+0000][65][info ][safepoint   ] Safepoint "Cleanup", Time since last: 3002158638 ns, Reaching safepoint: 28202 ns, Cleanup: 761151 ns, At safepoint: 17601 ns, Total: 806954 ns
[2025-01-22T16:02:08.246+0000][65][info ][safepoint   ] Safepoint "Cleanup", Time since last: 25007235136 ns, Reaching safepoint: 171511 ns, Cleanup: 764249 ns, At safepoint: 22201 ns, Total: 957961 ns
[2025-01-22T16:02:30.253+0000][65][info ][safepoint   ] Safepoint "Cleanup", Time since last: 22006658423 ns, Reaching safepoint: 34203 ns, Cleanup: 186414 ns, At safepoint: 6400 ns, Total: 227017 ns
[2025-01-22T16:02:31.255+0000][65][info ][safepoint   ] Safepoint "Cleanup", Time since last: 1000691690 ns, Reaching safepoint: 75306 ns, Cleanup: 755456 ns, At safepoint: 17401 ns, Total: 848163 ns
[2025-01-22T16:02:33.255+0000][65][info ][safepoint   ] Safepoint "Cleanup", Time since last: 2001596896 ns, Reaching safepoint: 28702 ns, Cleanup: 884866 ns, At safepoint: 20701 ns, Total: 934269 ns
[2025-01-22T16:02:35.257+0000][65][info ][safepoint   ] Safepoint "Cleanup", Time since last: 2001492059 ns, Reaching safepoint: 12500 ns, Cleanup: 201115 ns, At safepoint: 5800 ns, Total: 219415 ns
[2025-01-22T16:02:40.259+0000][65][info ][safepoint   ] Safepoint "Cleanup", Time since last: 5001584528 ns, Reaching safepoint: 28702 ns, Cleanup: 783356 ns, At safepoint: 19301 ns, Total: 831359 ns
[2025-01-22T16:02:46.262+0000][65][info ][safepoint   ] Safepoint "Cleanup", Time since last: 6002650083 ns, Reaching safepoint: 12101 ns, Cleanup: 200515 ns, At safepoint: 7000 ns, Total: 219616 ns
[2025-01-22T16:02:49.264+0000][65][info ][safepoint   ] Safepoint "Cleanup", Time since last: 3001398062 ns, Reaching safepoint: 77406 ns, Cleanup: 715453 ns, At safepoint: 18401 ns, Total: 811260 ns
[2025-01-22T16:02:55.267+0000][65][info ][safepoint   ] Safepoint "Cleanup", Time since last: 6002695472 ns, Reaching safepoint: 10901 ns, Cleanup: 243818 ns, At safepoint: 6100 ns, Total: 260819 ns
[2025-01-22T16:02:58.269+0000][65][info ][safepoint   ] Safepoint "Cleanup", Time since last: 3001327621 ns, Reaching safepoint: 27802 ns, Cleanup: 758154 ns, At safepoint: 18001 ns, Total: 803957 ns
[2025-01-22T16:03:03.271+0000][65][info ][safepoint   ] Safepoint "Cleanup", Time since last: 5002329428 ns, Reaching safepoint: 84706 ns, Cleanup: 777855 ns, At safepoint: 18902 ns, Total: 881463 ns
[2025-01-22T16:03:05.273+0000][65][info ][safepoint   ] Safepoint "Cleanup", Time since last: 2001752249 ns, Reaching safepoint: 28602 ns, Cleanup: 867561 ns, At safepoint: 20502 ns, Total: 916665 ns
[2025-01-22T16:03:09.276+0000][65][info ][safepoint   ] Safepoint "Cleanup", Time since last: 4001960810 ns, Reaching safepoint: 26402 ns, Cleanup: 684448 ns, At safepoint: 16001 ns, Total: 726851 ns
[2025-01-22T16:03:10.277+0000][65][info ][safepoint   ] Safepoint "Cleanup", Time since last: 1001309946 ns, Reaching safepoint: 12501 ns, Cleanup: 271419 ns, At safepoint: 6900 ns, Total: 290820 ns
[2025-01-22T16:03:13.279+0000][65][info ][safepoint   ] Safepoint "Cleanup", Time since last: 3001301550 ns, Reaching safepoint: 12701 ns, Cleanup: 208215 ns, At safepoint: 6300 ns, Total: 227216 ns
[2025-01-22T16:03:15.281+0000][65][info ][safepoint   ] Safepoint "Cleanup", Time since last: 2001042775 ns, Reaching safepoint: 27702 ns, Cleanup: 1020775 ns, At safepoint: 29902 ns, Total: 1078379 ns
[2025-01-22T16:03:18.284+0000][65][info ][safepoint   ] Safepoint "Cleanup", Time since last: 3001837597 ns, Reaching safepoint: 62505 ns, Cleanup: 629646 ns, At safepoint: 28502 ns, Total: 720653 ns
[2025-01-22T16:03:30.288+0000][65][info ][safepoint   ] Safepoint "Cleanup", Time since last: 12004110947 ns, Reaching safepoint: 12401 ns, Cleanup: 260519 ns, At safepoint: 7001 ns, Total: 279921 ns
[2025-01-22T16:03:35.288+0000][65][info ][safepoint   ] Safepoint "Cleanup", Time since last: 5001868127 ns, Reaching safepoint: 134409 ns, Cleanup: 740052 ns, At safepoint: 32002 ns, Total: 906463 ns
[2025-01-22T16:03:39.291+0000][65][info ][safepoint   ] Safepoint "Cleanup", Time since last: 4002202243 ns, Reaching safepoint: 27802 ns, Cleanup: 789955 ns, At safepoint: 19001 ns, Total: 836758 ns
[2025-01-22T16:04:20.301+0000][65][info ][safepoint   ] Safepoint "Cleanup", Time since last: 41010830758 ns, Reaching safepoint: 64805 ns, Cleanup: 540141 ns, At safepoint: 13502 ns, Total: 618448 ns
[2025-01-22T16:04:23.303+0000][65][info ][safepoint   ] Safepoint "Cleanup", Time since last: 3001530088 ns, Reaching safepoint: 11701 ns, Cleanup: 281722 ns, At safepoint: 13101 ns, Total: 306524 ns
[2025-01-22T16:04:39.304+0000][65][info ][safepoint   ] Safepoint "Cleanup", Time since last: 16003505899 ns, Reaching safepoint: 52404 ns, Cleanup: 402128 ns, At safepoint: 11001 ns, Total: 465533 ns
[2025-01-22T16:04:46.307+0000][65][info ][safepoint   ] Safepoint "Cleanup", Time since last: 7002235326 ns, Reaching safepoint: 11201 ns, Cleanup: 151411 ns, At safepoint: 4900 ns, Total: 167512 ns
[2025-01-22T16:04:58.310+0000][65][info ][safepoint   ] Safepoint "Cleanup", Time since last: 12003133359 ns, Reaching safepoint: 52404 ns, Cleanup: 159612 ns, At safepoint: 6201 ns, Total: 218217 ns
[2025-01-22T16:05:16.312+0000][65][info ][safepoint   ] Safepoint "Cleanup", Time since last: 18003841981 ns, Reaching safepoint: 16006 ns, Cleanup: 168563 ns, At safepoint: 6903 ns, Total: 191472 ns
[2025-01-22T16:05:28.316+0000][65][info ][safepoint   ] Safepoint "Cleanup", Time since last: 12003420519 ns, Reaching safepoint: 70605 ns, Cleanup: 251919 ns, At safepoint: 8101 ns, Total: 330625 ns
[2025-01-22T16:05:30.317+0000][65][info ][safepoint   ] Safepoint "Cleanup", Time since last: 2000694217 ns, Reaching safepoint: 12101 ns, Cleanup: 226116 ns, At safepoint: 13001 ns, Total: 251218 ns
[2025-01-22T16:05:33.316+0000][65][info ][safepoint   ] Safepoint "Cleanup", Time since last: 3000698565 ns, Reaching safepoint: 34103 ns, Cleanup: 192513 ns, At safepoint: 5401 ns, Total: 232017 ns
[2025-01-22T16:05:35.317+0000][65][info ][safepoint   ] Safepoint "Cleanup", Time since last: 2000684788 ns, Reaching safepoint: 11701 ns, Cleanup: 169212 ns, At safepoint: 5000 ns, Total: 185913 ns
[2025-01-22T16:05:46.319+0000][65][info ][safepoint   ] Safepoint "Cleanup", Time since last: 11001635589 ns, Reaching safepoint: 27202 ns, Cleanup: 169412 ns, At safepoint: 5201 ns, Total: 201815 ns
[2025-01-22T16:06:16.321+0000][65][info ][safepoint   ] Safepoint "Cleanup", Time since last: 30003680243 ns, Reaching safepoint: 29203 ns, Cleanup: 240720 ns, At safepoint: 8401 ns, Total: 278324 ns
[2025-01-22T16:07:05.326+0000][65][info ][safepoint   ] Safepoint "Cleanup", Time since last: 49009577453 ns, Reaching safepoint: 28301 ns, Cleanup: 346112 ns, At safepoint: 21701 ns, Total: 396114 ns
[2025-01-22T16:07:30.333+0000][65][info ][safepoint   ] Safepoint "Cleanup", Time since last: 25006619117 ns, Reaching safepoint: 80203 ns, Cleanup: 1033239 ns, At safepoint: 35701 ns, Total: 1149143 ns
[2025-01-22T16:07:35.335+0000][65][info ][safepoint   ] Safepoint "Cleanup", Time since last: 5002791863 ns, Reaching safepoint: 31402 ns, Cleanup: 934060 ns, At safepoint: 17301 ns, Total: 982763 ns
[2025-01-22T16:07:40.339+0000][65][info ][safepoint   ] Safepoint "Cleanup", Time since last: 5002337499 ns, Reaching safepoint: 139411 ns, Cleanup: 737360 ns, At safepoint: 20402 ns, Total: 897173 ns
[2025-01-22T16:07:43.341+0000][65][info ][safepoint   ] Safepoint "Cleanup", Time since last: 3001854166 ns, Reaching safepoint: 28602 ns, Cleanup: 733960 ns, At safepoint: 18302 ns, Total: 780864 ns
[2025-01-22T16:07:45.343+0000][65][info ][safepoint   ] Safepoint "Cleanup", Time since last: 2001555136 ns, Reaching safepoint: 13301 ns, Cleanup: 270422 ns, At safepoint: 8201 ns, Total: 291924 ns
[2025-01-22T16:07:48.345+0000][65][info ][safepoint   ] Safepoint "Cleanup", Time since last: 3001539580 ns, Reaching safepoint: 28803 ns, Cleanup: 736375 ns, At safepoint: 17302 ns, Total: 782480 ns
[2025-01-22T16:07:50.348+0000][65][info ][safepoint   ] Safepoint "Cleanup", Time since last: 2001578778 ns, Reaching safepoint: 28303 ns, Cleanup: 783780 ns, At safepoint: 19402 ns, Total: 831485 ns
[2025-01-22T16:08:09.352+0000][65][info ][safepoint   ] Safepoint "Cleanup", Time since last: 19005880928 ns, Reaching safepoint: 50003 ns, Cleanup: 409328 ns, At safepoint: 19701 ns, Total: 479032 ns
[2025-01-22T16:08:18.356+0000][65][info ][safepoint   ] Safepoint "Cleanup", Time since last: 9003042755 ns, Reaching safepoint: 27802 ns, Cleanup: 746654 ns, At safepoint: 17501 ns, Total: 791957 ns
[2025-01-22T16:08:45.362+0000][65][info ][safepoint   ] Safepoint "Cleanup", Time since last: 27007774976 ns, Reaching safepoint: 125910 ns, Cleanup: 714056 ns, At safepoint: 17501 ns, Total: 857467 ns
[2025-01-22T16:08:46.365+0000][65][info ][safepoint   ] Safepoint "Cleanup", Time since last: 1001521652 ns, Reaching safepoint: 29302 ns, Cleanup: 824064 ns, At safepoint: 22302 ns, Total: 875668 ns
[2025-01-22T16:09:16.371+0000][65][info ][safepoint   ] Safepoint "Cleanup", Time since last: 30008704716 ns, Reaching safepoint: 97808 ns, Cleanup: 1005876 ns, At safepoint: 18002 ns, Total: 1121686 ns
[2025-01-22T16:09:18.374+0000][65][info ][safepoint   ] Safepoint "Cleanup", Time since last: 2002081159 ns, Reaching safepoint: 28802 ns, Cleanup: 783259 ns, At safepoint: 19502 ns, Total: 831563 ns
[2025-01-22T16:09:46.382+0000][65][info ][safepoint   ] Safepoint "Cleanup", Time since last: 28008703154 ns, Reaching safepoint: 52304 ns, Cleanup: 417032 ns, At safepoint: 10800 ns, Total: 480136 ns
[2025-01-22T16:10:07.386+0000][65][info ][safepoint   ] Safepoint "Cleanup", Time since last: 21005566054 ns, Reaching safepoint: 65205 ns, Cleanup: 532139 ns, At safepoint: 47103 ns, Total: 644447 ns
[2025-01-22T16:10:10.388+0000][65][info ][safepoint   ] Safepoint "Cleanup", Time since last: 3001423859 ns, Reaching safepoint: 11101 ns, Cleanup: 252718 ns, At safepoint: 7501 ns, Total: 271320 ns
[2025-01-22T16:10:16.390+0000][65][info ][safepoint   ] Safepoint "Cleanup", Time since last: 6001700441 ns, Reaching safepoint: 22502 ns, Cleanup: 563742 ns, At safepoint: 13302 ns, Total: 599546 ns
[2025-01-22T16:10:18.392+0000][65][info ][safepoint   ] Safepoint "Cleanup", Time since last: 2001362266 ns, Reaching safepoint: 11301 ns, Cleanup: 167413 ns, At safepoint: 5000 ns, Total: 183714 ns
[2025-01-22T16:10:37.394+0000][65][info ][safepoint   ] Safepoint "Cleanup", Time since last: 19003758801 ns, Reaching safepoint: 76905 ns, Cleanup: 750955 ns, At safepoint: 18601 ns, Total: 846461 ns
[2025-01-22T16:10:38.396+0000][65][info ][safepoint   ] Safepoint "Cleanup", Time since last: 1001440384 ns, Reaching safepoint: 27902 ns, Cleanup: 755954 ns, At safepoint: 18302 ns, Total: 802158 ns
[2025-01-22T16:10:50.401+0000][65][info ][safepoint   ] Safepoint "Cleanup", Time since last: 12003555181 ns, Reaching safepoint: 80106 ns, Cleanup: 815460 ns, At safepoint: 18401 ns, Total: 913967 ns
[2025-01-22T16:11:05.404+0000][65][info ][safepoint   ] Safepoint "Cleanup", Time since last: 15005422508 ns, Reaching safepoint: 88707 ns, Cleanup: 763055 ns, At safepoint: 17702 ns, Total: 869464 ns
[2025-01-22T16:11:16.409+0000][65][info ][safepoint   ] Safepoint "Cleanup", Time since last: 11003628495 ns, Reaching safepoint: 79506 ns, Cleanup: 958172 ns, At safepoint: 34502 ns, Total: 1072180 ns
[2025-01-22T16:11:48.416+0000][65][info ][safepoint   ] Safepoint "Cleanup", Time since last: 32008970212 ns, Reaching safepoint: 421141 ns, Cleanup: 249625 ns, At safepoint: 8701 ns, Total: 679467 ns
[2025-01-22T16:12:15.423+0000][65][info ][safepoint   ] Safepoint "Cleanup", Time since last: 27007592982 ns, Reaching safepoint: 88307 ns, Cleanup: 760559 ns, At safepoint: 18002 ns, Total: 866868 ns
[2025-01-22T16:12:18.425+0000][65][info ][safepoint   ] Safepoint "Cleanup", Time since last: 3001668090 ns, Reaching safepoint: 12101 ns, Cleanup: 164813 ns, At safepoint: 5200 ns, Total: 182114 ns
[2025-01-22T16:12:20.427+0000][65][info ][safepoint   ] Safepoint "Cleanup", Time since last: 2000704795 ns, Reaching safepoint: 27902 ns, Cleanup: 692348 ns, At safepoint: 18002 ns, Total: 738252 ns
[2025-01-22T16:12:25.430+0000][65][info ][safepoint   ] Safepoint "Cleanup", Time since last: 5002675837 ns, Reaching safepoint: 31303 ns, Cleanup: 803256 ns, At safepoint: 19601 ns, Total: 854160 ns
[2025-01-22T16:12:43.434+0000][65][info ][safepoint   ] Safepoint "Cleanup", Time since last: 18006080013 ns, Reaching safepoint: 105907 ns, Cleanup: 746056 ns, At safepoint: 19201 ns, Total: 871164 ns
[2025-01-22T16:12:44.436+0000][65][info ][safepoint   ] Safepoint "Cleanup", Time since last: 1001500681 ns, Reaching safepoint: 11901 ns, Cleanup: 301822 ns, At safepoint: 8801 ns, Total: 322524 ns
[2025-01-22T16:13:11.439+0000][65][info ][safepoint   ] Safepoint "Cleanup", Time since last: 27005435137 ns, Reaching safepoint: 42303 ns, Cleanup: 236217 ns, At safepoint: 9401 ns, Total: 287921 ns
[2025-01-22T16:13:18.440+0000][65][info ][safepoint   ] Safepoint "Cleanup", Time since last: 7001149104 ns, Reaching safepoint: 29103 ns, Cleanup: 178413 ns, At safepoint: 5700 ns, Total: 213216 ns
[2025-01-22T16:14:04.447+0000][65][info ][safepoint   ] Safepoint "Cleanup", Time since last: 46010029581 ns, Reaching safepoint: 39999 ns, Cleanup: 278996 ns, At safepoint: 31799 ns, Total: 350794 ns
