[2025-01-22T15:48:59.198+0000][30][info][gc,init] CardTable entry size: 512
[2025-01-22T15:48:59.203+0000][30][info][gc     ] Using G1
[2025-01-22T15:48:59.208+0000][30][info][gc,init] Version: 20.0.1+9-29 (release)
[2025-01-22T15:48:59.208+0000][30][info][gc,init] CPUs: 12 total, 12 available
[2025-01-22T15:48:59.208+0000][30][info][gc,init] Memory: 7869M
[2025-01-22T15:48:59.208+0000][30][info][gc,init] Large Page Support: Disabled
[2025-01-22T15:48:59.209+0000][30][info][gc,init] NUMA Support: Disabled
[2025-01-22T15:48:59.209+0000][30][info][gc,init] Compressed Oops: Enabled (32-bit)
[2025-01-22T15:48:59.209+0000][30][info][gc,init] Heap Region Size: 1M
[2025-01-22T15:48:59.210+0000][30][info][gc,init] Heap Min Capacity: 512M
[2025-01-22T15:48:59.210+0000][30][info][gc,init] Heap Initial Capacity: 512M
[2025-01-22T15:48:59.210+0000][30][info][gc,init] Heap Max Capacity: 512M
[2025-01-22T15:48:59.210+0000][30][info][gc,init] Pre-touch: Disabled
[2025-01-22T15:48:59.210+0000][30][info][gc,init] Parallel Workers: 10
[2025-01-22T15:48:59.210+0000][30][info][gc,init] Concurrent Workers: 3
[2025-01-22T15:48:59.211+0000][30][info][gc,init] Concurrent Refinement Workers: 10
[2025-01-22T15:48:59.211+0000][30][info][gc,init] Periodic GC: Disabled
[2025-01-22T15:48:59.211+0000][30][info][gc,metaspace] CDS archive(s) mapped at: [0x0000000800000000-0x0000000800c73000-0x0000000800c73000), size 13053952, SharedBaseAddress: 0x0000000800000000, ArchiveRelocationMode: 0.
[2025-01-22T15:48:59.211+0000][30][info][gc,metaspace] Compressed class space mapped at: 0x0000000801000000-0x0000000841000000, reserved size: 1073741824
[2025-01-22T15:48:59.212+0000][30][info][gc,metaspace] Narrow klass base: 0x0000000800000000, Narrow klass shift: 0, Narrow klass range: 0x100000000
[2025-01-22T15:48:59.257+0000][30][info][gc,heap,exit] Heap
[2025-01-22T15:48:59.258+0000][30][info][gc,heap,exit]  garbage-first heap   total 524288K, used 2030K [0x00000000e0000000, 0x0000000100000000)
[2025-01-22T15:48:59.258+0000][30][info][gc,heap,exit]   region size 1024K, 2 young (2048K), 0 survivors (0K)
[2025-01-22T15:48:59.258+0000][30][info][gc,heap,exit]  Metaspace       used 46K, committed 128K, reserved 1114112K
[2025-01-22T15:48:59.258+0000][30][info][gc,heap,exit]   class space    used 1K, committed 64K, reserved 1048576K
